Archive member included to satisfy reference by file (symbol)

c:/program files (x86)/my program installaions/st ide/stm32cubeide_1.12.0/stm32cubeide/plugins/com.st.stm32cube.ide.mcu.externaltools.gnu-tools-for-stm32.10.3-2021.10.win32_1.0.200.202301161003/tools/bin/../lib/gcc/arm-none-eabi/10.3.1/../../../../arm-none-eabi/lib/thumb/v6-m/nofp\libc_nano.a(lib_a-errno.o)
                              ./Core/Src/syscalls.o (__errno)
c:/program files (x86)/my program installaions/st ide/stm32cubeide_1.12.0/stm32cubeide/plugins/com.st.stm32cube.ide.mcu.externaltools.gnu-tools-for-stm32.10.3-2021.10.win32_1.0.200.202301161003/tools/bin/../lib/gcc/arm-none-eabi/10.3.1/../../../../arm-none-eabi/lib/thumb/v6-m/nofp\libc_nano.a(lib_a-exit.o)
                              c:/program files (x86)/my program installaions/st ide/stm32cubeide_1.12.0/stm32cubeide/plugins/com.st.stm32cube.ide.mcu.externaltools.gnu-tools-for-stm32.10.3-2021.10.win32_1.0.200.202301161003/tools/bin/../lib/gcc/arm-none-eabi/10.3.1/../../../../arm-none-eabi/lib/thumb/v6-m/nofp/crt0.o (exit)
c:/program files (x86)/my program installaions/st ide/stm32cubeide_1.12.0/stm32cubeide/plugins/com.st.stm32cube.ide.mcu.externaltools.gnu-tools-for-stm32.10.3-2021.10.win32_1.0.200.202301161003/tools/bin/../lib/gcc/arm-none-eabi/10.3.1/../../../../arm-none-eabi/lib/thumb/v6-m/nofp\libc_nano.a(lib_a-impure.o)
                              c:/program files (x86)/my program installaions/st ide/stm32cubeide_1.12.0/stm32cubeide/plugins/com.st.stm32cube.ide.mcu.externaltools.gnu-tools-for-stm32.10.3-2021.10.win32_1.0.200.202301161003/tools/bin/../lib/gcc/arm-none-eabi/10.3.1/../../../../arm-none-eabi/lib/thumb/v6-m/nofp\libc_nano.a(lib_a-exit.o) (_global_impure_ptr)
c:/program files (x86)/my program installaions/st ide/stm32cubeide_1.12.0/stm32cubeide/plugins/com.st.stm32cube.ide.mcu.externaltools.gnu-tools-for-stm32.10.3-2021.10.win32_1.0.200.202301161003/tools/bin/../lib/gcc/arm-none-eabi/10.3.1/../../../../arm-none-eabi/lib/thumb/v6-m/nofp\libc_nano.a(lib_a-init.o)
                              c:/program files (x86)/my program installaions/st ide/stm32cubeide_1.12.0/stm32cubeide/plugins/com.st.stm32cube.ide.mcu.externaltools.gnu-tools-for-stm32.10.3-2021.10.win32_1.0.200.202301161003/tools/bin/../lib/gcc/arm-none-eabi/10.3.1/../../../../arm-none-eabi/lib/thumb/v6-m/nofp/crt0.o (__libc_init_array)
c:/program files (x86)/my program installaions/st ide/stm32cubeide_1.12.0/stm32cubeide/plugins/com.st.stm32cube.ide.mcu.externaltools.gnu-tools-for-stm32.10.3-2021.10.win32_1.0.200.202301161003/tools/bin/../lib/gcc/arm-none-eabi/10.3.1/../../../../arm-none-eabi/lib/thumb/v6-m/nofp\libc_nano.a(lib_a-memset.o)
                              c:/program files (x86)/my program installaions/st ide/stm32cubeide_1.12.0/stm32cubeide/plugins/com.st.stm32cube.ide.mcu.externaltools.gnu-tools-for-stm32.10.3-2021.10.win32_1.0.200.202301161003/tools/bin/../lib/gcc/arm-none-eabi/10.3.1/../../../../arm-none-eabi/lib/thumb/v6-m/nofp/crt0.o (memset)
c:/program files (x86)/my program installaions/st ide/stm32cubeide_1.12.0/stm32cubeide/plugins/com.st.stm32cube.ide.mcu.externaltools.gnu-tools-for-stm32.10.3-2021.10.win32_1.0.200.202301161003/tools/bin/../lib/gcc/arm-none-eabi/10.3.1/../../../../arm-none-eabi/lib/thumb/v6-m/nofp\libc_nano.a(lib_a-printf.o)
                              ./Core/Src/main.o (printf)
c:/program files (x86)/my program installaions/st ide/stm32cubeide_1.12.0/stm32cubeide/plugins/com.st.stm32cube.ide.mcu.externaltools.gnu-tools-for-stm32.10.3-2021.10.win32_1.0.200.202301161003/tools/bin/../lib/gcc/arm-none-eabi/10.3.1/../../../../arm-none-eabi/lib/thumb/v6-m/nofp\libc_nano.a(lib_a-findfp.o)
                              c:/program files (x86)/my program installaions/st ide/stm32cubeide_1.12.0/stm32cubeide/plugins/com.st.stm32cube.ide.mcu.externaltools.gnu-tools-for-stm32.10.3-2021.10.win32_1.0.200.202301161003/tools/bin/../lib/gcc/arm-none-eabi/10.3.1/../../../../arm-none-eabi/lib/thumb/v6-m/nofp\libc_nano.a(lib_a-printf.o) (__sinit)
c:/program files (x86)/my program installaions/st ide/stm32cubeide_1.12.0/stm32cubeide/plugins/com.st.stm32cube.ide.mcu.externaltools.gnu-tools-for-stm32.10.3-2021.10.win32_1.0.200.202301161003/tools/bin/../lib/gcc/arm-none-eabi/10.3.1/../../../../arm-none-eabi/lib/thumb/v6-m/nofp\libc_nano.a(lib_a-fwalk.o)
                              c:/program files (x86)/my program installaions/st ide/stm32cubeide_1.12.0/stm32cubeide/plugins/com.st.stm32cube.ide.mcu.externaltools.gnu-tools-for-stm32.10.3-2021.10.win32_1.0.200.202301161003/tools/bin/../lib/gcc/arm-none-eabi/10.3.1/../../../../arm-none-eabi/lib/thumb/v6-m/nofp\libc_nano.a(lib_a-findfp.o) (_fwalk)
[...]
Memory Configuration

Name             Origin             Length             Attributes
RAM              0x0000000020008000 0x0000000000008000 xrw
FLASH            0x0000000008020000 0x0000000000020000 xr
*default*        0x0000000000000000 0xffffffffffffffff

Linker script and memory map

LOAD c:/program files (x86)/my program installaions/st ide/stm32cubeide_1.12.0/stm32cubeide/plugins/com.st.stm32cube.ide.mcu.externaltools.gnu-tools-for-stm32.10.3-2021.10.win32_1.0.200.202301161003/tools/bin/../lib/gcc/arm-none-eabi/10.3.1/thumb/v6-m/nofp/crti.o
LOAD c:/program files (x86)/my program installaions/st ide/stm32cubeide_1.12.0/stm32cubeide/plugins/com.st.stm32cube.ide.mcu.externaltools.gnu-tools-for-stm32.10.3-2021.10.win32_1.0.200.202301161003/tools/bin/../lib/gcc/arm-none-eabi/10.3.1/thumb/v6-m/nofp/crtbegin.o
LOAD c:/program files (x86)/my program installaions/st ide/stm32cubeide_1.12.0/stm32cubeide/plugins/com.st.stm32cube.ide.mcu.externaltools.gnu-tools-for-stm32.10.3-2021.10.win32_1.0.200.202301161003/tools/bin/../lib/gcc/arm-none-eabi/10.3.1/../../../../arm-none-eabi/lib/thumb/v6-m/nofp/crt0.o
LOAD ./Common/System/system_stm32wlxx.o
LOAD ./Core/Src/main.o
LOAD ./Core/Src/stm32wlxx_hal_msp.o
LOAD ./Core/Src/stm32wlxx_it.o
LOAD ./Core/Src/syscalls.o
LOAD ./Core/Src/sysmem.o
LOAD ./Core/Startup/startup_stm32wl55jcix.o
LOAD ./Drivers/STM32WLxx_HAL_Driver/stm32wlxx_hal.o
LOAD ./Drivers/STM32WLxx_HAL_Driver/stm32wlxx_hal_cortex.o
LOAD ./Drivers/STM32WLxx_HAL_Driver/stm32wlxx_hal_dma.o
LOAD ./Drivers/STM32WLxx_HAL_Driver/stm32wlxx_hal_dma_ex.o
LOAD ./Drivers/STM32WLxx_HAL_Driver/stm32wlxx_hal_exti.o
LOAD ./Drivers/STM32WLxx_HAL_Driver/stm32wlxx_hal_flash.o
LOAD ./Drivers/STM32WLxx_HAL_Driver/stm32wlxx_hal_flash_ex.o
LOAD ./Drivers/STM32WLxx_HAL_Driver/stm32wlxx_hal_gpio.o
LOAD ./Drivers/STM32WLxx_HAL_Driver/stm32wlxx_hal_pwr.o
LOAD ./Drivers/STM32WLxx_HAL_Driver/stm32wlxx_hal_pwr_ex.o
LOAD ./Drivers/STM32WLxx_HAL_Driver/stm32wlxx_hal_rcc.o
LOAD ./Drivers/STM32WLxx_HAL_Driver/stm32wlxx_hal_rcc_ex.o
LOAD ./Drivers/STM32WLxx_HAL_Driver/stm32wlxx_hal_tim.o
LOAD ./Drivers/STM32WLxx_HAL_Driver/stm32wlxx_hal_tim_ex.o
START GROUP
LOAD c:/program files (x86)/my program installaions/st ide/stm32cubeide_1.12.0/stm32cubeide/plugins/com.st.stm32cube.ide.mcu.externaltools.gnu-tools-for-stm32.10.3-2021.10.win32_1.0.200.202301161003/tools/bin/../lib/gcc/arm-none-eabi/10.3.1/../../../../arm-none-eabi/lib/thumb/v6-m/nofp\libc_nano.a
LOAD c:/program files (x86)/my program installaions/st ide/stm32cubeide_1.12.0/stm32cubeide/plugins/com.st.stm32cube.ide.mcu.externaltools.gnu-tools-for-stm32.10.3-2021.10.win32_1.0.200.202301161003/tools/bin/../lib/gcc/arm-none-eabi/10.3.1/../../../../arm-none-eabi/lib/thumb/v6-m/nofp\libm.a
END GROUP
START GROUP
LOAD c:/program files (x86)/my program installaions/st ide/stm32cubeide_1.12.0/stm32cubeide/plugins/com.st.stm32cube.ide.mcu.externaltools.gnu-tools-for-stm32.10.3-2021.10.win32_1.0.200.202301161003/tools/bin/../lib/gcc/arm-none-eabi/10.3.1/thumb/v6-m/nofp\libgcc.a
LOAD c:/program files (x86)/my program installaions/st ide/stm32cubeide_1.12.0/stm32cubeide/plugins/com.st.stm32cube.ide.mcu.externaltools.gnu-tools-for-stm32.10.3-2021.10.win32_1.0.200.202301161003/tools/bin/../lib/gcc/arm-none-eabi/10.3.1/../../../../arm-none-eabi/lib/thumb/v6-m/nofp\libc_nano.a
END GROUP
START GROUP
LOAD c:/program files (x86)/my program installaions/st ide/stm32cubeide_1.12.0/stm32cubeide/plugins/com.st.stm32cube.ide.mcu.externaltools.gnu-tools-for-stm32.10.3-2021.10.win32_1.0.200.202301161003/tools/bin/../lib/gcc/arm-none-eabi/10.3.1/thumb/v6-m/nofp\libgcc.a
LOAD c:/program files (x86)/my program installaions/st ide/stm32cubeide_1.12.0/stm32cubeide/plugins/com.st.stm32cube.ide.mcu.externaltools.gnu-tools-for-stm32.10.3-2021.10.win32_1.0.200.202301161003/tools/bin/../lib/gcc/arm-none-eabi/10.3.1/../../../../arm-none-eabi/lib/thumb/v6-m/nofp\libc_nano.a
LOAD c:/program files (x86)/my program installaions/st ide/stm32cubeide_1.12.0/stm32cubeide/plugins/com.st.stm32cube.ide.mcu.externaltools.gnu-tools-for-stm32.10.3-2021.10.win32_1.0.200.202301161003/tools/bin/../lib/gcc/arm-none-eabi/10.3.1/../../../../arm-none-eabi/lib/thumb/v6-m/nofp\libnosys.a
END GROUP
START GROUP
LOAD c:/program files (x86)/my program installaions/st ide/stm32cubeide_1.12.0/stm32cubeide/plugins/com.st.stm32cube.ide.mcu.externaltools.gnu-tools-for-stm32.10.3-2021.10.win32_1.0.200.202301161003/tools/bin/../lib/gcc/arm-none-eabi/10.3.1/thumb/v6-m/nofp\libgcc.a
LOAD c:/program files (x86)/my program installaions/st ide/stm32cubeide_1.12.0/stm32cubeide/plugins/com.st.stm32cube.ide.mcu.externaltools.gnu-tools-for-stm32.10.3-2021.10.win32_1.0.200.202301161003/tools/bin/../lib/gcc/arm-none-eabi/10.3.1/../../../../arm-none-eabi/lib/thumb/v6-m/nofp\libc_nano.a
LOAD c:/program files (x86)/my program installaions/st ide/stm32cubeide_1.12.0/stm32cubeide/plugins/com.st.stm32cube.ide.mcu.externaltools.gnu-tools-for-stm32.10.3-2021.10.win32_1.0.200.202301161003/tools/bin/../lib/gcc/arm-none-eabi/10.3.1/../../../../arm-none-eabi/lib/thumb/v6-m/nofp\libnosys.a
END GROUP
LOAD c:/program files (x86)/my program installaions/st ide/stm32cubeide_1.12.0/stm32cubeide/plugins/com.st.stm32cube.ide.mcu.externaltools.gnu-tools-for-stm32.10.3-2021.10.win32_1.0.200.202301161003/tools/bin/../lib/gcc/arm-none-eabi/10.3.1/thumb/v6-m/nofp/crtend.o
LOAD c:/program files (x86)/my program installaions/st ide/stm32cubeide_1.12.0/stm32cubeide/plugins/com.st.stm32cube.ide.mcu.externaltools.gnu-tools-for-stm32.10.3-2021.10.win32_1.0.200.202301161003/tools/bin/../lib/gcc/arm-none-eabi/10.3.1/thumb/v6-m/nofp/crtn.o
                0x0000000020010000                _estack = (ORIGIN (RAM) + LENGTH (RAM))
                0x0000000000000200                _Min_Heap_Size = 0x200
                0x0000000000000400                _Min_Stack_Size = 0x400

.isr_vector     0x0000000008020000       0xc0
                0x0000000008020000                . = ALIGN (0x4)
 *(.isr_vector)
 .isr_vector    0x0000000008020000       0xc0 ./Core/Startup/startup_stm32wl55jcix.o
                0x0000000008020000                g_pfnVectors
                0x00000000080200c0                . = ALIGN (0x4)

.text           0x00000000080200c0     0x18bc
                0x00000000080200c0                . = ALIGN (0x4)
 *(.text)
 .text          0x00000000080200c0       0x48 c:/program files (x86)/my program installaions/st ide/stm32cubeide_1.12.0/stm32cubeide/plugins/com.st.stm32cube.ide.mcu.externaltools.gnu-tools-for-stm32.10.3-2021.10.win32_1.0.200.202301161003/tools/bin/../lib/gcc/arm-none-eabi/10.3.1/thumb/v6-m/nofp/crtbegin.o
 .text          0x0000000008020108       0x14 c:/program files (x86)/my program installaions/st ide/stm32cubeide_1.12.0/stm32cubeide/plugins/com.st.stm32cube.ide.mcu.externaltools.gnu-tools-for-stm32.10.3-2021.10.win32_1.0.200.202301161003/tools/bin/../lib/gcc/arm-none-eabi/10.3.1/thumb/v6-m/nofp\libgcc.a(_thumb1_case_shi.o)
                0x0000000008020108                __gnu_thumb1_case_shi
 .text          0x000000000802011c      0x114 c:/program files (x86)/my program installaions/st ide/stm32cubeide_1.12.0/stm32cubeide/plugins/com.st.stm32cube.ide.mcu.externaltools.gnu-tools-for-stm32.10.3-2021.10.win32_1.0.200.202301161003/tools/bin/../lib/gcc/arm-none-eabi/10.3.1/thumb/v6-m/nofp\libgcc.a(_udivsi3.o)
                0x000000000802011c                __aeabi_uidiv
                0x000000000802011c                __udivsi3
                0x0000000008020228                __aeabi_uidivmod
 .text          0x0000000008020230        0x4 c:/program files (x86)/my program installaions/st ide/stm32cubeide_1.12.0/stm32cubeide/plugins/com.st.stm32cube.ide.mcu.externaltools.gnu-tools-for-stm32.10.3-2021.10.win32_1.0.200.202301161003/tools/bin/../lib/gcc/arm-none-eabi/10.3.1/thumb/v6-m/nofp\libgcc.a(_dvmd_tls.o)
                0x0000000008020230                __aeabi_idiv0
                0x0000000008020230                __aeabi_ldiv0
 *(.text*)
 .text.SystemInit
                0x0000000008020234        0xa ./Common/System/system_stm32wlxx.o
                0x0000000008020234                SystemInit
 *fill*         0x000000000802023e        0x2 
 .text.main     0x0000000008020240       0x28 ./Core/Src/main.o
                0x0000000008020240                main
 .text.HAL_MspInit
                0x0000000008020268        0xa ./Core/Src/stm32wlxx_hal_msp.o
                0x0000000008020268                HAL_MspInit
 .text.NMI_Handler
                0x0000000008020272        0x6 ./Core/Src/stm32wlxx_it.o
                0x0000000008020272                NMI_Handler
 .text.HardFault_Handler
                0x0000000008020278        0x6 ./Core/Src/stm32wlxx_it.o
                0x0000000008020278                HardFault_Handler
 .text.SVC_Handler
                0x000000000802027e        0xa ./Core/Src/stm32wlxx_it.o
                0x000000000802027e                SVC_Handler
 .text.PendSV_Handler
                0x0000000008020288        0xa ./Core/Src/stm32wlxx_it.o
                0x0000000008020288                PendSV_Handler
 .text.SysTick_Handler
                0x0000000008020292        0xe ./Core/Src/stm32wlxx_it.o
                0x0000000008020292                SysTick_Handler
 .text._read    0x00000000080202a0       0x3a ./Core/Src/syscalls.o
                0x00000000080202a0                _read
 .text._write   0x00000000080202da       0x38 ./Core/Src/syscalls.o
                0x00000000080202da                _write
 .text._close   0x0000000008020312       0x14 ./Core/Src/syscalls.o
                0x0000000008020312                _close
 .text._fstat   0x0000000008020326       0x1c ./Core/Src/syscalls.o
                0x0000000008020326                _fstat
 .text._isatty  0x0000000008020342       0x12 ./Core/Src/syscalls.o
                0x0000000008020342                _isatty
 .text._lseek   0x0000000008020354       0x16 ./Core/Src/syscalls.o
                0x0000000008020354                _lseek
 *fill*         0x000000000802036a        0x2 
 .text._sbrk    0x000000000802036c       0x6c ./Core/Src/sysmem.o
                0x000000000802036c                _sbrk
 .text.Reset_Handler
                0x00000000080203d8       0x50 ./Core/Startup/startup_stm32wl55jcix.o
                0x00000000080203d8                Reset_Handler
 .text.Default_Handler
                0x0000000008020428        0x2 ./Core/Startup/startup_stm32wl55jcix.o
                0x0000000008020428                I2C1_IRQHandler
                0x0000000008020428                LPTIM2_IRQHandler
                0x0000000008020428                LPTIM3_IRQHandler
                0x0000000008020428                AES_PKA_IRQHandler
                0x0000000008020428                SPI1_IRQHandler
                0x0000000008020428                ADC_COMP_DAC_IRQHandler
                0x0000000008020428                I2C2_IRQHandler
                0x0000000008020428                TIM17_IRQHandler
                0x0000000008020428                EXTI15_4_IRQHandler
                0x0000000008020428                RCC_FLASH_C1SEV_IRQHandler
                0x0000000008020428                SUBGHZSPI_IRQHandler
                0x0000000008020428                DMA1_Channel4_5_6_7_IRQHandler
                0x0000000008020428                SUBGHZ_Radio_IRQHandler
                0x0000000008020428                EXTI1_0_IRQHandler
                0x0000000008020428                TIM16_IRQHandler
                0x0000000008020428                Default_Handler
                0x0000000008020428                TIM1_IRQHandler
                0x0000000008020428                IPCC_C2_RX_C2_TX_IRQHandler
                0x0000000008020428                RTC_LSECSS_IRQHandler
                0x0000000008020428                I2C3_IRQHandler
                0x0000000008020428                PVD_PVM_IRQHandler
                0x0000000008020428                SPI2_IRQHandler
                0x0000000008020428                DMA2_DMAMUX1_OVR_IRQHandler
                0x0000000008020428                EXTI3_2_IRQHandler
                0x0000000008020428                RNG_IRQHandler
                0x0000000008020428                HSEM_IRQHandler
                0x0000000008020428                LPUART1_IRQHandler
                0x0000000008020428                TIM2_IRQHandler
                0x0000000008020428                TZIC_ILA_IRQHandler
                0x0000000008020428                USART2_IRQHandler
                0x0000000008020428                USART1_IRQHandler
                0x0000000008020428                DMA1_Channel1_2_3_IRQHandler
                0x0000000008020428                LPTIM1_IRQHandler
 *fill*         0x000000000802042a        0x2 
 .text.HAL_Init
                0x000000000802042c       0x3c ./Drivers/STM32WLxx_HAL_Driver/stm32wlxx_hal.o
                0x000000000802042c                HAL_Init
 .text.HAL_InitTick
                0x0000000008020468       0x90 ./Drivers/STM32WLxx_HAL_Driver/stm32wlxx_hal.o
                0x0000000008020468                HAL_InitTick
 .text.HAL_IncTick
                0x00000000080204f8       0x24 ./Drivers/STM32WLxx_HAL_Driver/stm32wlxx_hal.o
                0x00000000080204f8                HAL_IncTick
 .text.HAL_GetTick
                0x000000000802051c       0x14 ./Drivers/STM32WLxx_HAL_Driver/stm32wlxx_hal.o
                0x000000000802051c                HAL_GetTick
 .text.HAL_Delay
                0x0000000008020530       0x48 ./Drivers/STM32WLxx_HAL_Driver/stm32wlxx_hal.o
                0x0000000008020530                HAL_Delay
 .text.__NVIC_SetPriority
                0x0000000008020578       0xdc ./Drivers/STM32WLxx_HAL_Driver/stm32wlxx_hal_cortex.o
 .text.SysTick_Config
                0x0000000008020654       0x48 ./Drivers/STM32WLxx_HAL_Driver/stm32wlxx_hal_cortex.o
 .text.HAL_NVIC_SetPriority
                0x000000000802069c       0x2a ./Drivers/STM32WLxx_HAL_Driver/stm32wlxx_hal_cortex.o
                0x000000000802069c                HAL_NVIC_SetPriority
 .text.HAL_SYSTICK_Config
                0x00000000080206c6       0x1a ./Drivers/STM32WLxx_HAL_Driver/stm32wlxx_hal_cortex.o
                0x00000000080206c6                HAL_SYSTICK_Config
 .text.LL_RCC_HSE_IsEnabledDiv2
                0x00000000080206e0       0x24 ./Drivers/STM32WLxx_HAL_Driver/stm32wlxx_hal_rcc.o
 .text.LL_RCC_MSI_IsEnabledRangeSelect
                0x0000000008020704       0x1e ./Drivers/STM32WLxx_HAL_Driver/stm32wlxx_hal_rcc.o
 .text.LL_RCC_MSI_GetRange
                0x0000000008020722       0x14 ./Drivers/STM32WLxx_HAL_Driver/stm32wlxx_hal_rcc.o
 .text.LL_RCC_MSI_GetRangeAfterStandby
                0x0000000008020736       0x18 ./Drivers/STM32WLxx_HAL_Driver/stm32wlxx_hal_rcc.o
 .text.LL_RCC_GetSysClkSource
                0x000000000802074e       0x14 ./Drivers/STM32WLxx_HAL_Driver/stm32wlxx_hal_rcc.o
 .text.LL_C2_RCC_GetAHBPrescaler
                0x0000000008020762       0x18 ./Drivers/STM32WLxx_HAL_Driver/stm32wlxx_hal_rcc.o
 .text.LL_RCC_PLL_GetN
                0x000000000802077a       0x16 ./Drivers/STM32WLxx_HAL_Driver/stm32wlxx_hal_rcc.o
 .text.LL_RCC_PLL_GetR
                0x0000000008020790       0x14 ./Drivers/STM32WLxx_HAL_Driver/stm32wlxx_hal_rcc.o
 .text.LL_RCC_PLL_GetDivider
                0x00000000080207a4       0x14 ./Drivers/STM32WLxx_HAL_Driver/stm32wlxx_hal_rcc.o
 .text.LL_RCC_PLL_GetMainSource
                0x00000000080207b8       0x14 ./Drivers/STM32WLxx_HAL_Driver/stm32wlxx_hal_rcc.o
 .text.HAL_RCC_GetSysClockFreq
                0x00000000080207cc      0x154 ./Drivers/STM32WLxx_HAL_Driver/stm32wlxx_hal_rcc.o
                0x00000000080207cc                HAL_RCC_GetSysClockFreq
 .text.HAL_RCC_GetHCLK2Freq
                0x0000000008020920       0x30 ./Drivers/STM32WLxx_HAL_Driver/stm32wlxx_hal_rcc.o
                0x0000000008020920                HAL_RCC_GetHCLK2Freq
 .text.__errno  0x0000000008020950        0xc c:/program files (x86)/my program installaions/st ide/stm32cubeide_1.12.0/stm32cubeide/plugins/com.st.stm32cube.ide.mcu.externaltools.gnu-tools-for-stm32.10.3-2021.10.win32_1.0.200.202301161003/tools/bin/../lib/gcc/arm-none-eabi/10.3.1/../../../../arm-none-eabi/lib/thumb/v6-m/nofp\libc_nano.a(lib_a-errno.o)
                0x0000000008020950                __errno
 .text.__libc_init_array
                0x000000000802095c       0x48 c:/program files (x86)/my program installaions/st ide/stm32cubeide_1.12.0/stm32cubeide/plugins/com.st.stm32cube.ide.mcu.externaltools.gnu-tools-for-stm32.10.3-2021.10.win32_1.0.200.202301161003/tools/bin/../lib/gcc/arm-none-eabi/10.3.1/../../../../arm-none-eabi/lib/thumb/v6-m/nofp\libc_nano.a(lib_a-init.o)
                0x000000000802095c                __libc_init_array
 .text.memset   0x00000000080209a4       0x10 c:/program files (x86)/my program installaions/st ide/stm32cubeide_1.12.0/stm32cubeide/plugins/com.st.stm32cube.ide.mcu.externaltools.gnu-tools-for-stm32.10.3-2021.10.win32_1.0.200.202301161003/tools/bin/../lib/gcc/arm-none-eabi/10.3.1/../../../../arm-none-eabi/lib/thumb/v6-m/nofp\libc_nano.a(lib_a-memset.o)
                0x00000000080209a4                memset
 .text.printf   0x00000000080209b4       0x34 c:/program files (x86)/my program installaions/st ide/stm32cubeide_1.12.0/stm32cubeide/plugins/com.st.stm32cube.ide.mcu.externaltools.gnu-tools-for-stm32.10.3-2021.10.win32_1.0.200.202301161003/tools/bin/../lib/gcc/arm-none-eabi/10.3.1/../../../../arm-none-eabi/lib/thumb/v6-m/nofp\libc_nano.a(lib_a-printf.o)
                0x00000000080209b4                iprintf
                0x00000000080209b4                printf
 .text.std      0x00000000080209e8       0x48 c:/program files (x86)/my program installaions/st ide/stm32cubeide_1.12.0/stm32cubeide/plugins/com.st.stm32cube.ide.mcu.externaltools.gnu-tools-for-stm32.10.3-2021.10.win32_1.0.200.202301161003/tools/bin/../lib/gcc/arm-none-eabi/10.3.1/../../../../arm-none-eabi/lib/thumb/v6-m/nofp\libc_nano.a(lib_a-findfp.o)
 .text._cleanup_r
                0x0000000008020a30       0x10 c:/program files (x86)/my program installaions/st ide/stm32cubeide_1.12.0/stm32cubeide/plugins/com.st.stm32cube.ide.mcu.externaltools.gnu-tools-for-stm32.10.3-2021.10.win32_1.0.200.202301161003/tools/bin/../lib/gcc/arm-none-eabi/10.3.1/../../../../arm-none-eabi/lib/thumb/v6-m/nofp\libc_nano.a(lib_a-findfp.o)
                0x0000000008020a30                _cleanup_r
 .text.__sfmoreglue
                0x0000000008020a40       0x2c c:/program files (x86)/my program installaions/st ide/stm32cubeide_1.12.0/stm32cubeide/plugins/com.st.stm32cube.ide.mcu.externaltools.gnu-tools-for-stm32.10.3-2021.10.win32_1.0.200.202301161003/tools/bin/../lib/gcc/arm-none-eabi/10.3.1/../../../../arm-none-eabi/lib/thumb/v6-m/nofp\libc_nano.a(lib_a-findfp.o)
                0x0000000008020a40                __sfmoreglue
 .text.__sfp_lock_acquire
                0x0000000008020a6c       0x10 c:/program files (x86)/my program installaions/st ide/stm32cubeide_1.12.0/stm32cubeide/plugins/com.st.stm32cube.ide.mcu.externaltools.gnu-tools-for-stm32.10.3-2021.10.win32_1.0.200.202301161003/tools/bin/../lib/gcc/arm-none-eabi/10.3.1/../../../../arm-none-eabi/lib/thumb/v6-m/nofp\libc_nano.a(lib_a-findfp.o)
                0x0000000008020a6c                __sfp_lock_acquire
 .text.__sfp_lock_release
                0x0000000008020a7c       0x10 c:/program files (x86)/my program installaions/st ide/stm32cubeide_1.12.0/stm32cubeide/plugins/com.st.stm32cube.ide.mcu.externaltools.gnu-tools-for-stm32.10.3-2021.10.win32_1.0.200.202301161003/tools/bin/../lib/gcc/arm-none-eabi/10.3.1/../../../../arm-none-eabi/lib/thumb/v6-m/nofp\libc_nano.a(lib_a-findfp.o)
                0x0000000008020a7c                __sfp_lock_release
 .text.__sinit_lock_acquire
                0x0000000008020a8c       0x10 c:/program files (x86)/my program installaions/st ide/stm32cubeide_1.12.0/stm32cubeide/plugins/com.st.stm32cube.ide.mcu.externaltools.gnu-tools-for-stm32.10.3-2021.10.win32_1.0.200.202301161003/tools/bin/../lib/gcc/arm-none-eabi/10.3.1/../../../../arm-none-eabi/lib/thumb/v6-m/nofp\libc_nano.a(lib_a-findfp.o)
                0x0000000008020a8c                __sinit_lock_acquire
 .text.__sinit_lock_release
                0x0000000008020a9c       0x10 c:/program files (x86)/my program installaions/st ide/stm32cubeide_1.12.0/stm32cubeide/plugins/com.st.stm32cube.ide.mcu.externaltools.gnu-tools-for-stm32.10.3-2021.10.win32_1.0.200.202301161003/tools/bin/../lib/gcc/arm-none-eabi/10.3.1/../../../../arm-none-eabi/lib/thumb/v6-m/nofp\libc_nano.a(lib_a-findfp.o)
                0x0000000008020a9c                __sinit_lock_release
 .text.__sinit  0x0000000008020aac       0x70 c:/program files (x86)/my program installaions/st ide/stm32cubeide_1.12.0/stm32cubeide/plugins/com.st.stm32cube.ide.mcu.externaltools.gnu-tools-for-stm32.10.3-2021.10.win32_1.0.200.202301161003/tools/bin/../lib/gcc/arm-none-eabi/10.3.1/../../../../arm-none-eabi/lib/thumb/v6-m/nofp\libc_nano.a(lib_a-findfp.o)
                0x0000000008020aac                __sinit
 .text.__sfp    0x0000000008020b1c       0x90 c:/program files (x86)/my program installaions/st ide/stm32cubeide_1.12.0/stm32cubeide/plugins/com.st.stm32cube.ide.mcu.externaltools.gnu-tools-for-stm32.10.3-2021.10.win32_1.0.200.202301161003/tools/bin/../lib/gcc/arm-none-eabi/10.3.1/../../../../arm-none-eabi/lib/thumb/v6-m/nofp\libc_nano.a(lib_a-findfp.o)
                0x0000000008020b1c                __sfp
 .text._fwalk_reent
                0x0000000008020bac       0x40 c:/program files (x86)/my program installaions/st ide/stm32cubeide_1.12.0/stm32cubeide/plugins/com.st.stm32cube.ide.mcu.externaltools.gnu-tools-for-stm32.10.3-2021.10.win32_1.0.200.202301161003/tools/bin/../lib/gcc/arm-none-eabi/10.3.1/../../../../arm-none-eabi/lib/thumb/v6-m/nofp\libc_nano.a(lib_a-fwalk.o)
                0x0000000008020bac                _fwalk_reent
 .text.__retarget_lock_init_recursive
                0x0000000008020bec        0x2 c:/program files (x86)/my program installaions/st ide/stm32cubeide_1.12.0/stm32cubeide/plugins/com.st.stm32cube.ide.mcu.externaltools.gnu-tools-for-stm32.10.3-2021.10.win32_1.0.200.202301161003/tools/bin/../lib/gcc/arm-none-eabi/10.3.1/../../../../arm-none-eabi/lib/thumb/v6-m/nofp\libc_nano.a(lib_a-lock.o)
                0x0000000008020bec                __retarget_lock_init_recursive
 .text.__retarget_lock_acquire_recursive
                0x0000000008020bee        0x2 c:/program files (x86)/my program installaions/st ide/stm32cubeide_1.12.0/stm32cubeide/plugins/com.st.stm32cube.ide.mcu.externaltools.gnu-tools-for-stm32.10.3-2021.10.win32_1.0.200.202301161003/tools/bin/../lib/gcc/arm-none-eabi/10.3.1/../../../../arm-none-eabi/lib/thumb/v6-m/nofp\libc_nano.a(lib_a-lock.o)
                0x0000000008020bee                __retarget_lock_acquire_recursive
 .text.__retarget_lock_release_recursive
                0x0000000008020bf0        0x2 c:/program files (x86)/my program installaions/st ide/stm32cubeide_1.12.0/stm32cubeide/plugins/com.st.stm32cube.ide.mcu.externaltools.gnu-tools-for-stm32.10.3-2021.10.win32_1.0.200.202301161003/tools/bin/../lib/gcc/arm-none-eabi/10.3.1/../../../../arm-none-eabi/lib/thumb/v6-m/nofp\libc_nano.a(lib_a-lock.o)
                0x0000000008020bf0                __retarget_lock_release_recursive
 *fill*         0x0000000008020bf2        0x2 
 .text.sbrk_aligned
                0x0000000008020bf4       0x44 c:/program files (x86)/my program installaions/st ide/stm32cubeide_1.12.0/stm32cubeide/plugins/com.st.stm32cube.ide.mcu.externaltools.gnu-tools-for-stm32.10.3-2021.10.win32_1.0.200.202301161003/tools/bin/../lib/gcc/arm-none-eabi/10.3.1/../../../../arm-none-eabi/lib/thumb/v6-m/nofp\libc_nano.a(lib_a-nano-mallocr.o)
 .text._malloc_r
                0x0000000008020c38       0xec c:/program files (x86)/my program installaions/st ide/stm32cubeide_1.12.0/stm32cubeide/plugins/com.st.stm32cube.ide.mcu.externaltools.gnu-tools-for-stm32.10.3-2021.10.win32_1.0.200.202301161003/tools/bin/../lib/gcc/arm-none-eabi/10.3.1/../../../../arm-none-eabi/lib/thumb/v6-m/nofp\libc_nano.a(lib_a-nano-mallocr.o)
                0x0000000008020c38                _malloc_r
 .text.__sfputc_r
                0x0000000008020d24       0x2a c:/program files (x86)/my program installaions/st ide/stm32cubeide_1.12.0/stm32cubeide/plugins/com.st.stm32cube.ide.mcu.externaltools.gnu-tools-for-stm32.10.3-2021.10.win32_1.0.200.202301161003/tools/bin/../lib/gcc/arm-none-eabi/10.3.1/../../../../arm-none-eabi/lib/thumb/v6-m/nofp\libc_nano.a(lib_a-nano-vfprintf.o)
 .text.__sfputs_r
                0x0000000008020d4e       0x24 c:/program files (x86)/my program installaions/st ide/stm32cubeide_1.12.0/stm32cubeide/plugins/com.st.stm32cube.ide.mcu.externaltools.gnu-tools-for-stm32.10.3-2021.10.win32_1.0.200.202301161003/tools/bin/../lib/gcc/arm-none-eabi/10.3.1/../../../../arm-none-eabi/lib/thumb/v6-m/nofp\libc_nano.a(lib_a-nano-vfprintf.o)
                0x0000000008020d4e                __sfputs_r
 *fill*         0x0000000008020d72        0x2 
 .text._vfprintf_r
                0x0000000008020d74      0x274 c:/program files (x86)/my program installaions/st ide/stm32cubeide_1.12.0/stm32cubeide/plugins/com.st.stm32cube.ide.mcu.externaltools.gnu-tools-for-stm32.10.3-2021.10.win32_1.0.200.202301161003/tools/bin/../lib/gcc/arm-none-eabi/10.3.1/../../../../arm-none-eabi/lib/thumb/v6-m/nofp\libc_nano.a(lib_a-nano-vfprintf.o)
                0x0000000008020d74                _vfprintf_r
                0x0000000008020d74                _vfiprintf_r
 .text._printf_common
                0x0000000008020fe8       0xde c:/program files (x86)/my program installaions/st ide/stm32cubeide_1.12.0/stm32cubeide/plugins/com.st.stm32cube.ide.mcu.externaltools.gnu-tools-for-stm32.10.3-2021.10.win32_1.0.200.202301161003/tools/bin/../lib/gcc/arm-none-eabi/10.3.1/../../../../arm-none-eabi/lib/thumb/v6-m/nofp\libc_nano.a(lib_a-nano-vfprintf_i.o)
                0x0000000008020fe8                _printf_common
 *fill*         0x00000000080210c6        0x2 
 .text._printf_i
                0x00000000080210c8      0x224 c:/program files (x86)/my program installaions/st ide/stm32cubeide_1.12.0/stm32cubeide/plugins/com.st.stm32cube.ide.mcu.externaltools.gnu-tools-for-stm32.10.3-2021.10.win32_1.0.200.202301161003/tools/bin/../lib/gcc/arm-none-eabi/10.3.1/../../../../arm-none-eabi/lib/thumb/v6-m/nofp\libc_nano.a(lib_a-nano-vfprintf_i.o)
                0x00000000080210c8                _printf_i
 .text._sbrk_r  0x00000000080212ec       0x24 c:/program files (x86)/my program installaions/st ide/stm32cubeide_1.12.0/stm32cubeide/plugins/com.st.stm32cube.ide.mcu.externaltools.gnu-tools-for-stm32.10.3-2021.10.win32_1.0.200.202301161003/tools/bin/../lib/gcc/arm-none-eabi/10.3.1/../../../../arm-none-eabi/lib/thumb/v6-m/nofp\libc_nano.a(lib_a-sbrkr.o)
                0x00000000080212ec                _sbrk_r
 .text.__sread  0x0000000008021310       0x28 c:/program files (x86)/my program installaions/st ide/stm32cubeide_1.12.0/stm32cubeide/plugins/com.st.stm32cube.ide.mcu.externaltools.gnu-tools-for-stm32.10.3-2021.10.win32_1.0.200.202301161003/tools/bin/../lib/gcc/arm-none-eabi/10.3.1/../../../../arm-none-eabi/lib/thumb/v6-m/nofp\libc_nano.a(lib_a-stdio.o)
                0x0000000008021310                __sread
 .text.__swrite
                0x0000000008021338       0x38 c:/program files (x86)/my program installaions/st ide/stm32cubeide_1.12.0/stm32cubeide/plugins/com.st.stm32cube.ide.mcu.externaltools.gnu-tools-for-stm32.10.3-2021.10.win32_1.0.200.202301161003/tools/bin/../lib/gcc/arm-none-eabi/10.3.1/../../../../arm-none-eabi/lib/thumb/v6-m/nofp\libc_nano.a(lib_a-stdio.o)
                0x0000000008021338                __swrite
 .text.__sseek  0x0000000008021370       0x2c c:/program files (x86)/my program installaions/st ide/stm32cubeide_1.12.0/stm32cubeide/plugins/com.st.stm32cube.ide.mcu.externaltools.gnu-tools-for-stm32.10.3-2021.10.win32_1.0.200.202301161003/tools/bin/../lib/gcc/arm-none-eabi/10.3.1/../../../../arm-none-eabi/lib/thumb/v6-m/nofp\libc_nano.a(lib_a-stdio.o)
                0x0000000008021370                __sseek
 .text.__sclose
                0x000000000802139c        0xc c:/program files (x86)/my program installaions/st ide/stm32cubeide_1.12.0/stm32cubeide/plugins/com.st.stm32cube.ide.mcu.externaltools.gnu-tools-for-stm32.10.3-2021.10.win32_1.0.200.202301161003/tools/bin/../lib/gcc/arm-none-eabi/10.3.1/../../../../arm-none-eabi/lib/thumb/v6-m/nofp\libc_nano.a(lib_a-stdio.o)
                0x000000000802139c                __sclose
 .text.__swbuf_r
                0x00000000080213a8       0xac c:/program files (x86)/my program installaions/st ide/stm32cubeide_1.12.0/stm32cubeide/plugins/com.st.stm32cube.ide.mcu.externaltools.gnu-tools-for-stm32.10.3-2021.10.win32_1.0.200.202301161003/tools/bin/../lib/gcc/arm-none-eabi/10.3.1/../../../../arm-none-eabi/lib/thumb/v6-m/nofp\libc_nano.a(lib_a-wbuf.o)
                0x00000000080213a8                __swbuf_r
 .text._write_r
                0x0000000008021454       0x28 c:/program files (x86)/my program installaions/st ide/stm32cubeide_1.12.0/stm32cubeide/plugins/com.st.stm32cube.ide.mcu.externaltools.gnu-tools-for-stm32.10.3-2021.10.win32_1.0.200.202301161003/tools/bin/../lib/gcc/arm-none-eabi/10.3.1/../../../../arm-none-eabi/lib/thumb/v6-m/nofp\libc_nano.a(lib_a-writer.o)
                0x0000000008021454                _write_r
 .text.__swsetup_r
                0x000000000802147c       0xf0 c:/program files (x86)/my program installaions/st ide/stm32cubeide_1.12.0/stm32cubeide/plugins/com.st.stm32cube.ide.mcu.externaltools.gnu-tools-for-stm32.10.3-2021.10.win32_1.0.200.202301161003/tools/bin/../lib/gcc/arm-none-eabi/10.3.1/../../../../arm-none-eabi/lib/thumb/v6-m/nofp\libc_nano.a(lib_a-wsetup.o)
                0x000000000802147c                __swsetup_r
 .text._close_r
                0x000000000802156c       0x24 c:/program files (x86)/my program installaions/st ide/stm32cubeide_1.12.0/stm32cubeide/plugins/com.st.stm32cube.ide.mcu.externaltools.gnu-tools-for-stm32.10.3-2021.10.win32_1.0.200.202301161003/tools/bin/../lib/gcc/arm-none-eabi/10.3.1/../../../../arm-none-eabi/lib/thumb/v6-m/nofp\libc_nano.a(lib_a-closer.o)
                0x000000000802156c                _close_r
 .text.__sflush_r
                0x0000000008021590      0x118 c:/program files (x86)/my program installaions/st ide/stm32cubeide_1.12.0/stm32cubeide/plugins/com.st.stm32cube.ide.mcu.externaltools.gnu-tools-for-stm32.10.3-2021.10.win32_1.0.200.202301161003/tools/bin/../lib/gcc/arm-none-eabi/10.3.1/../../../../arm-none-eabi/lib/thumb/v6-m/nofp\libc_nano.a(lib_a-fflush.o)
                0x0000000008021590                __sflush_r
 .text._fflush_r
                0x00000000080216a8       0x80 c:/program files (x86)/my program installaions/st ide/stm32cubeide_1.12.0/stm32cubeide/plugins/com.st.stm32cube.ide.mcu.externaltools.gnu-tools-for-stm32.10.3-2021.10.win32_1.0.200.202301161003/tools/bin/../lib/gcc/arm-none-eabi/10.3.1/../../../../arm-none-eabi/lib/thumb/v6-m/nofp\libc_nano.a(lib_a-fflush.o)
                0x00000000080216a8                _fflush_r
 .text._lseek_r
                0x0000000008021728       0x28 c:/program files (x86)/my program installaions/st ide/stm32cubeide_1.12.0/stm32cubeide/plugins/com.st.stm32cube.ide.mcu.externaltools.gnu-tools-for-stm32.10.3-2021.10.win32_1.0.200.202301161003/tools/bin/../lib/gcc/arm-none-eabi/10.3.1/../../../../arm-none-eabi/lib/thumb/v6-m/nofp\libc_nano.a(lib_a-lseekr.o)
                0x0000000008021728                _lseek_r
 .text.__swhatbuf_r
                0x0000000008021750       0x50 c:/program files (x86)/my program installaions/st ide/stm32cubeide_1.12.0/stm32cubeide/plugins/com.st.stm32cube.ide.mcu.externaltools.gnu-tools-for-stm32.10.3-2021.10.win32_1.0.200.202301161003/tools/bin/../lib/gcc/arm-none-eabi/10.3.1/../../../../arm-none-eabi/lib/thumb/v6-m/nofp\libc_nano.a(lib_a-makebuf.o)
                0x0000000008021750                __swhatbuf_r
 .text.__smakebuf_r
                0x00000000080217a0       0x88 c:/program files (x86)/my program installaions/st ide/stm32cubeide_1.12.0/stm32cubeide/plugins/com.st.stm32cube.ide.mcu.externaltools.gnu-tools-for-stm32.10.3-2021.10.win32_1.0.200.202301161003/tools/bin/../lib/gcc/arm-none-eabi/10.3.1/../../../../arm-none-eabi/lib/thumb/v6-m/nofp\libc_nano.a(lib_a-makebuf.o)
                0x00000000080217a0                __smakebuf_r
 .text.memchr   0x0000000008021828       0x16 c:/program files (x86)/my program installaions/st ide/stm32cubeide_1.12.0/stm32cubeide/plugins/com.st.stm32cube.ide.mcu.externaltools.gnu-tools-for-stm32.10.3-2021.10.win32_1.0.200.202301161003/tools/bin/../lib/gcc/arm-none-eabi/10.3.1/../../../../arm-none-eabi/lib/thumb/v6-m/nofp\libc_nano.a(lib_a-memchr-stub.o)
                0x0000000008021828                memchr
 *fill*         0x000000000802183e        0x2 
 .text.__malloc_lock
                0x0000000008021840       0x10 c:/program files (x86)/my program installaions/st ide/stm32cubeide_1.12.0/stm32cubeide/plugins/com.st.stm32cube.ide.mcu.externaltools.gnu-tools-for-stm32.10.3-2021.10.win32_1.0.200.202301161003/tools/bin/../lib/gcc/arm-none-eabi/10.3.1/../../../../arm-none-eabi/lib/thumb/v6-m/nofp\libc_nano.a(lib_a-mlock.o)
                0x0000000008021840                __malloc_lock
 .text.__malloc_unlock
                0x0000000008021850       0x10 c:/program files (x86)/my program installaions/st ide/stm32cubeide_1.12.0/stm32cubeide/plugins/com.st.stm32cube.ide.mcu.externaltools.gnu-tools-for-stm32.10.3-2021.10.win32_1.0.200.202301161003/tools/bin/../lib/gcc/arm-none-eabi/10.3.1/../../../../arm-none-eabi/lib/thumb/v6-m/nofp\libc_nano.a(lib_a-mlock.o)
                0x0000000008021850                __malloc_unlock
 .text._free_r  0x0000000008021860       0x94 c:/program files (x86)/my program installaions/st ide/stm32cubeide_1.12.0/stm32cubeide/plugins/com.st.stm32cube.ide.mcu.externaltools.gnu-tools-for-stm32.10.3-2021.10.win32_1.0.200.202301161003/tools/bin/../lib/gcc/arm-none-eabi/10.3.1/../../../../arm-none-eabi/lib/thumb/v6-m/nofp\libc_nano.a(lib_a-nano-freer.o)
                0x0000000008021860                _free_r
 .text._read_r  0x00000000080218f4       0x28 c:/program files (x86)/my program installaions/st ide/stm32cubeide_1.12.0/stm32cubeide/plugins/com.st.stm32cube.ide.mcu.externaltools.gnu-tools-for-stm32.10.3-2021.10.win32_1.0.200.202301161003/tools/bin/../lib/gcc/arm-none-eabi/10.3.1/../../../../arm-none-eabi/lib/thumb/v6-m/nofp\libc_nano.a(lib_a-readr.o)
                0x00000000080218f4                _read_r
 .text._fstat_r
                0x000000000802191c       0x24 c:/program files (x86)/my program installaions/st ide/stm32cubeide_1.12.0/stm32cubeide/plugins/com.st.stm32cube.ide.mcu.externaltools.gnu-tools-for-stm32.10.3-2021.10.win32_1.0.200.202301161003/tools/bin/../lib/gcc/arm-none-eabi/10.3.1/../../../../arm-none-eabi/lib/thumb/v6-m/nofp\libc_nano.a(lib_a-fstatr.o)
                0x000000000802191c                _fstat_r
 .text._isatty_r
                0x0000000008021940       0x24 c:/program files (x86)/my program installaions/st ide/stm32cubeide_1.12.0/stm32cubeide/plugins/com.st.stm32cube.ide.mcu.externaltools.gnu-tools-for-stm32.10.3-2021.10.win32_1.0.200.202301161003/tools/bin/../lib/gcc/arm-none-eabi/10.3.1/../../../../arm-none-eabi/lib/thumb/v6-m/nofp\libc_nano.a(lib_a-isattyr.o)
                0x0000000008021940                _isatty_r
 *(.glue_7)
 .glue_7        0x0000000008021964        0x0 linker stubs
 *(.glue_7t)
 .glue_7t       0x0000000008021964        0x0 linker stubs
 *(.eh_frame)
 .eh_frame      0x0000000008021964        0x0 c:/program files (x86)/my program installaions/st ide/stm32cubeide_1.12.0/stm32cubeide/plugins/com.st.stm32cube.ide.mcu.externaltools.gnu-tools-for-stm32.10.3-2021.10.win32_1.0.200.202301161003/tools/bin/../lib/gcc/arm-none-eabi/10.3.1/thumb/v6-m/nofp/crtbegin.o
 *(.init)
 .init          0x0000000008021964        0x4 c:/program files (x86)/my program installaions/st ide/stm32cubeide_1.12.0/stm32cubeide/plugins/com.st.stm32cube.ide.mcu.externaltools.gnu-tools-for-stm32.10.3-2021.10.win32_1.0.200.202301161003/tools/bin/../lib/gcc/arm-none-eabi/10.3.1/thumb/v6-m/nofp/crti.o
                0x0000000008021964                _init
 .init          0x0000000008021968        0x8 c:/program files (x86)/my program installaions/st ide/stm32cubeide_1.12.0/stm32cubeide/plugins/com.st.stm32cube.ide.mcu.externaltools.gnu-tools-for-stm32.10.3-2021.10.win32_1.0.200.202301161003/tools/bin/../lib/gcc/arm-none-eabi/10.3.1/thumb/v6-m/nofp/crtn.o
 *(.fini)
 .fini          0x0000000008021970        0x4 c:/program files (x86)/my program installaions/st ide/stm32cubeide_1.12.0/stm32cubeide/plugins/com.st.stm32cube.ide.mcu.externaltools.gnu-tools-for-stm32.10.3-2021.10.win32_1.0.200.202301161003/tools/bin/../lib/gcc/arm-none-eabi/10.3.1/thumb/v6-m/nofp/crti.o
                0x0000000008021970                _fini
 .fini          0x0000000008021974        0x8 c:/program files (x86)/my program installaions/st ide/stm32cubeide_1.12.0/stm32cubeide/plugins/com.st.stm32cube.ide.mcu.externaltools.gnu-tools-for-stm32.10.3-2021.10.win32_1.0.200.202301161003/tools/bin/../lib/gcc/arm-none-eabi/10.3.1/thumb/v6-m/nofp/crtn.o
                0x000000000802197c                . = ALIGN (0x4)
                0x000000000802197c                _etext = .

.vfp11_veneer   0x000000000802197c        0x0
 .vfp11_veneer  0x000000000802197c        0x0 linker stubs

.v4_bx          0x000000000802197c        0x0
 .v4_bx         0x000000000802197c        0x0 linker stubs

.iplt           0x000000000802197c        0x0
 .iplt          0x000000000802197c        0x0 c:/program files (x86)/my program installaions/st ide/stm32cubeide_1.12.0/stm32cubeide/plugins/com.st.stm32cube.ide.mcu.externaltools.gnu-tools-for-stm32.10.3-2021.10.win32_1.0.200.202301161003/tools/bin/../lib/gcc/arm-none-eabi/10.3.1/thumb/v6-m/nofp/crtbegin.o

.rodata         0x000000000802197c      0x128
                0x000000000802197c                . = ALIGN (0x4)
 *(.rodata)
 .rodata        0x000000000802197c        0xe ./Core/Src/main.o
 *(.rodata*)
 *fill*         0x000000000802198a        0x2 
 .rodata.AHBPrescTable
                0x000000000802198c       0x40 ./Common/System/system_stm32wlxx.o
                0x000000000802198c                AHBPrescTable
 .rodata.MSIRangeTable
                0x00000000080219cc       0x40 ./Common/System/system_stm32wlxx.o
                0x00000000080219cc                MSIRangeTable
 .rodata._global_impure_ptr
                0x0000000008021a0c        0x4 c:/program files (x86)/my program installaions/st ide/stm32cubeide_1.12.0/stm32cubeide/plugins/com.st.stm32cube.ide.mcu.externaltools.gnu-tools-for-stm32.10.3-2021.10.win32_1.0.200.202301161003/tools/bin/../lib/gcc/arm-none-eabi/10.3.1/../../../../arm-none-eabi/lib/thumb/v6-m/nofp\libc_nano.a(lib_a-impure.o)
                0x0000000008021a0c                _global_impure_ptr
 .rodata.__sf_fake_stderr
                0x0000000008021a10       0x20 c:/program files (x86)/my program installaions/st ide/stm32cubeide_1.12.0/stm32cubeide/plugins/com.st.stm32cube.ide.mcu.externaltools.gnu-tools-for-stm32.10.3-2021.10.win32_1.0.200.202301161003/tools/bin/../lib/gcc/arm-none-eabi/10.3.1/../../../../arm-none-eabi/lib/thumb/v6-m/nofp\libc_nano.a(lib_a-findfp.o)
                0x0000000008021a10                __sf_fake_stderr
 .rodata.__sf_fake_stdin
                0x0000000008021a30       0x20 c:/program files (x86)/my program installaions/st ide/stm32cubeide_1.12.0/stm32cubeide/plugins/com.st.stm32cube.ide.mcu.externaltools.gnu-tools-for-stm32.10.3-2021.10.win32_1.0.200.202301161003/tools/bin/../lib/gcc/arm-none-eabi/10.3.1/../../../../arm-none-eabi/lib/thumb/v6-m/nofp\libc_nano.a(lib_a-findfp.o)
                0x0000000008021a30                __sf_fake_stdin
 .rodata.__sf_fake_stdout
                0x0000000008021a50       0x20 c:/program files (x86)/my program installaions/st ide/stm32cubeide_1.12.0/stm32cubeide/plugins/com.st.stm32cube.ide.mcu.externaltools.gnu-tools-for-stm32.10.3-2021.10.win32_1.0.200.202301161003/tools/bin/../lib/gcc/arm-none-eabi/10.3.1/../../../../arm-none-eabi/lib/thumb/v6-m/nofp\libc_nano.a(lib_a-findfp.o)
                0x0000000008021a50                __sf_fake_stdout
 .rodata._vfprintf_r.str1.1
                0x0000000008021a70       0x11 c:/program files (x86)/my program installaions/st ide/stm32cubeide_1.12.0/stm32cubeide/plugins/com.st.stm32cube.ide.mcu.externaltools.gnu-tools-for-stm32.10.3-2021.10.win32_1.0.200.202301161003/tools/bin/../lib/gcc/arm-none-eabi/10.3.1/../../../../arm-none-eabi/lib/thumb/v6-m/nofp\libc_nano.a(lib_a-nano-vfprintf.o)
 .rodata._printf_i.str1.1
                0x0000000008021a81       0x22 c:/program files (x86)/my program installaions/st ide/stm32cubeide_1.12.0/stm32cubeide/plugins/com.st.stm32cube.ide.mcu.externaltools.gnu-tools-for-stm32.10.3-2021.10.win32_1.0.200.202301161003/tools/bin/../lib/gcc/arm-none-eabi/10.3.1/../../../../arm-none-eabi/lib/thumb/v6-m/nofp\libc_nano.a(lib_a-nano-vfprintf_i.o)
                0x0000000008021aa4                . = ALIGN (0x4)
 *fill*         0x0000000008021aa3        0x1 

.rel.dyn        0x0000000008021aa4        0x0
 .rel.iplt      0x0000000008021aa4        0x0 c:/program files (x86)/my program installaions/st ide/stm32cubeide_1.12.0/stm32cubeide/plugins/com.st.stm32cube.ide.mcu.externaltools.gnu-tools-for-stm32.10.3-2021.10.win32_1.0.200.202301161003/tools/bin/../lib/gcc/arm-none-eabi/10.3.1/thumb/v6-m/nofp/crtbegin.o

.ARM.extab      0x0000000008021aa4        0x0
                0x0000000008021aa4                . = ALIGN (0x4)
 *(.ARM.extab* .gnu.linkonce.armextab.*)
                0x0000000008021aa4                . = ALIGN (0x4)

.ARM            0x0000000008021aa4        0x0
                0x0000000008021aa4                . = ALIGN (0x4)
                0x0000000008021aa4                __exidx_start = .
 *(.ARM.exidx*)
                0x0000000008021aa4                __exidx_end = .
                0x0000000008021aa4                . = ALIGN (0x4)

.preinit_array  0x0000000008021aa4        0x0
                0x0000000008021aa4                . = ALIGN (0x4)
                0x0000000008021aa4                PROVIDE (__preinit_array_start = .)
 *(.preinit_array*)
                0x0000000008021aa4                PROVIDE (__preinit_array_end = .)
                0x0000000008021aa4                . = ALIGN (0x4)

.init_array     0x0000000008021aa4        0x4
                0x0000000008021aa4                . = ALIGN (0x4)
                0x0000000008021aa4                PROVIDE (__init_array_start = .)
 *(SORT_BY_NAME(.init_array.*))
 *(.init_array*)
 .init_array    0x0000000008021aa4        0x4 c:/program files (x86)/my program installaions/st ide/stm32cubeide_1.12.0/stm32cubeide/plugins/com.st.stm32cube.ide.mcu.externaltools.gnu-tools-for-stm32.10.3-2021.10.win32_1.0.200.202301161003/tools/bin/../lib/gcc/arm-none-eabi/10.3.1/thumb/v6-m/nofp/crtbegin.o
                0x0000000008021aa8                PROVIDE (__init_array_end = .)
                0x0000000008021aa8                . = ALIGN (0x4)

.fini_array     0x0000000008021aa8        0x4
                0x0000000008021aa8                . = ALIGN (0x4)
                [!provide]                        PROVIDE (__fini_array_start = .)
 *(SORT_BY_NAME(.fini_array.*))
 *(.fini_array*)
 .fini_array    0x0000000008021aa8        0x4 c:/program files (x86)/my program installaions/st ide/stm32cubeide_1.12.0/stm32cubeide/plugins/com.st.stm32cube.ide.mcu.externaltools.gnu-tools-for-stm32.10.3-2021.10.win32_1.0.200.202301161003/tools/bin/../lib/gcc/arm-none-eabi/10.3.1/thumb/v6-m/nofp/crtbegin.o
                [!provide]                        PROVIDE (__fini_array_end = .)
                0x0000000008021aac                . = ALIGN (0x4)
                0x0000000008021aac                _sidata = LOADADDR (.data)

.data           0x0000000020008000       0x70 load address 0x0000000008021aac
                0x0000000020008000                . = ALIGN (0x4)
                0x0000000020008000                _sdata = .
 *(.data)
 *(.data*)
 .data.SystemCoreClock
                0x0000000020008000        0x4 ./Common/System/system_stm32wlxx.o
                0x0000000020008000                SystemCoreClock
 .data.uwTickPrio
                0x0000000020008004        0x4 ./Drivers/STM32WLxx_HAL_Driver/stm32wlxx_hal.o
                0x0000000020008004                uwTickPrio
 .data.uwTickFreq
                0x0000000020008008        0x1 ./Drivers/STM32WLxx_HAL_Driver/stm32wlxx_hal.o
                0x0000000020008008                uwTickFreq
 *fill*         0x0000000020008009        0x3 
 .data._impure_ptr
                0x000000002000800c        0x4 c:/program files (x86)/my program installaions/st ide/stm32cubeide_1.12.0/stm32cubeide/plugins/com.st.stm32cube.ide.mcu.externaltools.gnu-tools-for-stm32.10.3-2021.10.win32_1.0.200.202301161003/tools/bin/../lib/gcc/arm-none-eabi/10.3.1/../../../../arm-none-eabi/lib/thumb/v6-m/nofp\libc_nano.a(lib_a-impure.o)
                0x000000002000800c                _impure_ptr
 .data.impure_data
                0x0000000020008010       0x60 c:/program files (x86)/my program installaions/st ide/stm32cubeide_1.12.0/stm32cubeide/plugins/com.st.stm32cube.ide.mcu.externaltools.gnu-tools-for-stm32.10.3-2021.10.win32_1.0.200.202301161003/tools/bin/../lib/gcc/arm-none-eabi/10.3.1/../../../../arm-none-eabi/lib/thumb/v6-m/nofp\libc_nano.a(lib_a-impure.o)
 *(.RamFunc)
 *(.RamFunc*)
                0x0000000020008070                . = ALIGN (0x4)
                0x0000000020008070                _edata = .

.igot.plt       0x0000000020008070        0x0 load address 0x0000000008021b1c
 .igot.plt      0x0000000020008070        0x0 c:/program files (x86)/my program installaions/st ide/stm32cubeide_1.12.0/stm32cubeide/plugins/com.st.stm32cube.ide.mcu.externaltools.gnu-tools-for-stm32.10.3-2021.10.win32_1.0.200.202301161003/tools/bin/../lib/gcc/arm-none-eabi/10.3.1/thumb/v6-m/nofp/crtbegin.o
                0x0000000020008070                . = ALIGN (0x4)

.bss            0x0000000020008070       0x34 load address 0x0000000008021b1c
                0x0000000020008070                _sbss = .
                0x0000000020008070                __bss_start__ = _sbss
 *(.bss)
 .bss           0x0000000020008070       0x1c c:/program files (x86)/my program installaions/st ide/stm32cubeide_1.12.0/stm32cubeide/plugins/com.st.stm32cube.ide.mcu.externaltools.gnu-tools-for-stm32.10.3-2021.10.win32_1.0.200.202301161003/tools/bin/../lib/gcc/arm-none-eabi/10.3.1/thumb/v6-m/nofp/crtbegin.o
 *(.bss*)
 .bss.__sbrk_heap_end
                0x000000002000808c        0x4 ./Core/Src/sysmem.o
 .bss.uwTick    0x0000000020008090        0x4 ./Drivers/STM32WLxx_HAL_Driver/stm32wlxx_hal.o
                0x0000000020008090                uwTick
 .bss.__lock___malloc_recursive_mutex
                0x0000000020008094        0x1 c:/program files (x86)/my program installaions/st ide/stm32cubeide_1.12.0/stm32cubeide/plugins/com.st.stm32cube.ide.mcu.externaltools.gnu-tools-for-stm32.10.3-2021.10.win32_1.0.200.202301161003/tools/bin/../lib/gcc/arm-none-eabi/10.3.1/../../../../arm-none-eabi/lib/thumb/v6-m/nofp\libc_nano.a(lib_a-lock.o)
                0x0000000020008094                __lock___malloc_recursive_mutex
 .bss.__lock___sfp_recursive_mutex
                0x0000000020008095        0x1 c:/program files (x86)/my program installaions/st ide/stm32cubeide_1.12.0/stm32cubeide/plugins/com.st.stm32cube.ide.mcu.externaltools.gnu-tools-for-stm32.10.3-2021.10.win32_1.0.200.202301161003/tools/bin/../lib/gcc/arm-none-eabi/10.3.1/../../../../arm-none-eabi/lib/thumb/v6-m/nofp\libc_nano.a(lib_a-lock.o)
                0x0000000020008095                __lock___sfp_recursive_mutex
 .bss.__lock___sinit_recursive_mutex
                0x0000000020008096        0x1 c:/program files (x86)/my program installaions/st ide/stm32cubeide_1.12.0/stm32cubeide/plugins/com.st.stm32cube.ide.mcu.externaltools.gnu-tools-for-stm32.10.3-2021.10.win32_1.0.200.202301161003/tools/bin/../lib/gcc/arm-none-eabi/10.3.1/../../../../arm-none-eabi/lib/thumb/v6-m/nofp\libc_nano.a(lib_a-lock.o)
                0x0000000020008096                __lock___sinit_recursive_mutex
 *fill*         0x0000000020008097        0x1 
 .bss.__malloc_free_list
                0x0000000020008098        0x4 c:/program files (x86)/my program installaions/st ide/stm32cubeide_1.12.0/stm32cubeide/plugins/com.st.stm32cube.ide.mcu.externaltools.gnu-tools-for-stm32.10.3-2021.10.win32_1.0.200.202301161003/tools/bin/../lib/gcc/arm-none-eabi/10.3.1/../../../../arm-none-eabi/lib/thumb/v6-m/nofp\libc_nano.a(lib_a-nano-mallocr.o)
                0x0000000020008098                __malloc_free_list
 .bss.__malloc_sbrk_start
                0x000000002000809c        0x4 c:/program files (x86)/my program installaions/st ide/stm32cubeide_1.12.0/stm32cubeide/plugins/com.st.stm32cube.ide.mcu.externaltools.gnu-tools-for-stm32.10.3-2021.10.win32_1.0.200.202301161003/tools/bin/../lib/gcc/arm-none-eabi/10.3.1/../../../../arm-none-eabi/lib/thumb/v6-m/nofp\libc_nano.a(lib_a-nano-mallocr.o)
                0x000000002000809c                __malloc_sbrk_start
 .bss.errno     0x00000000200080a0        0x4 c:/program files (x86)/my program installaions/st ide/stm32cubeide_1.12.0/stm32cubeide/plugins/com.st.stm32cube.ide.mcu.externaltools.gnu-tools-for-stm32.10.3-2021.10.win32_1.0.200.202301161003/tools/bin/../lib/gcc/arm-none-eabi/10.3.1/../../../../arm-none-eabi/lib/thumb/v6-m/nofp\libc_nano.a(lib_a-reent.o)
                0x00000000200080a0                errno
 *(COMMON)
                0x00000000200080a4                . = ALIGN (0x4)
                0x00000000200080a4                _ebss = .
                0x00000000200080a4                __bss_end__ = _ebss

._user_heap_stack
                0x00000000200080a4      0x604 load address 0x0000000008021b1c
                0x00000000200080a8                . = ALIGN (0x8)
 *fill*         0x00000000200080a4        0x4 
                [!provide]                        PROVIDE (end = .)
                0x00000000200080a8                PROVIDE (_end = .)
                0x00000000200082a8                . = (. + _Min_Heap_Size)
 *fill*         0x00000000200080a8      0x200 
                0x00000000200086a8                . = (. + _Min_Stack_Size)
 *fill*         0x00000000200082a8      0x400 
                0x00000000200086a8                . = ALIGN (0x8)

/DISCARD/
 libc.a(*)
 libm.a(*)
 libgcc.a(*)

.ARM.attributes
                0x0000000000000000       0x28
 *(.ARM.attributes)
 .ARM.attributes
                0x0000000000000000       0x1e c:/program files (x86)/my program installaions/st ide/stm32cubeide_1.12.0/stm32cubeide/plugins/com.st.stm32cube.ide.mcu.externaltools.gnu-tools-for-stm32.10.3-2021.10.win32_1.0.200.202301161003/tools/bin/../lib/gcc/arm-none-eabi/10.3.1/thumb/v6-m/nofp/crti.o
 .ARM.attributes
                0x000000000000001e       0x2c c:/program files (x86)/my program installaions/st ide/stm32cubeide_1.12.0/stm32cubeide/plugins/com.st.stm32cube.ide.mcu.externaltools.gnu-tools-for-stm32.10.3-2021.10.win32_1.0.200.202301161003/tools/bin/../lib/gcc/arm-none-eabi/10.3.1/thumb/v6-m/nofp/crtbegin.o
 .ARM.attributes
                0x000000000000004a       0x2c ./Common/System/system_stm32wlxx.o
 .ARM.attributes
                0x0000000000000076       0x2c ./Core/Src/main.o
 .ARM.attributes
                0x00000000000000a2       0x2c ./Core/Src/stm32wlxx_hal_msp.o
 .ARM.attributes
                0x00000000000000ce       0x2c ./Core/Src/stm32wlxx_it.o
 .ARM.attributes
                0x00000000000000fa       0x2c ./Core/Src/syscalls.o
 .ARM.attributes
                0x0000000000000126       0x2c ./Core/Src/sysmem.o
 .ARM.attributes
                0x0000000000000152       0x22 ./Core/Startup/startup_stm32wl55jcix.o
 .ARM.attributes
                0x0000000000000174       0x2c ./Drivers/STM32WLxx_HAL_Driver/stm32wlxx_hal.o
 .ARM.attributes
                0x00000000000001a0       0x2c ./Drivers/STM32WLxx_HAL_Driver/stm32wlxx_hal_cortex.o
 .ARM.attributes
                0x00000000000001cc       0x2c ./Drivers/STM32WLxx_HAL_Driver/stm32wlxx_hal_rcc.o
 .ARM.attributes
                0x00000000000001f8       0x2c c:/program files (x86)/my program installaions/st ide/stm32cubeide_1.12.0/stm32cubeide/plugins/com.st.stm32cube.ide.mcu.externaltools.gnu-tools-for-stm32.10.3-2021.10.win32_1.0.200.202301161003/tools/bin/../lib/gcc/arm-none-eabi/10.3.1/../../../../arm-none-eabi/lib/thumb/v6-m/nofp\libc_nano.a(lib_a-errno.o)
 .ARM.attributes
                0x0000000000000224       0x2c c:/program files (x86)/my program installaions/st ide/stm32cubeide_1.12.0/stm32cubeide/plugins/com.st.stm32cube.ide.mcu.externaltools.gnu-tools-for-stm32.10.3-2021.10.win32_1.0.200.202301161003/tools/bin/../lib/gcc/arm-none-eabi/10.3.1/../../../../arm-none-eabi/lib/thumb/v6-m/nofp\libc_nano.a(lib_a-impure.o)
 .ARM.attributes
                0x0000000000000250       0x2c c:/program files (x86)/my program installaions/st ide/stm32cubeide_1.12.0/stm32cubeide/plugins/com.st.stm32cube.ide.mcu.externaltools.gnu-tools-for-stm32.10.3-2021.10.win32_1.0.200.202301161003/tools/bin/../lib/gcc/arm-none-eabi/10.3.1/../../../../arm-none-eabi/lib/thumb/v6-m/nofp\libc_nano.a(lib_a-init.o)
 .ARM.attributes
                0x000000000000027c       0x2c c:/program files (x86)/my program installaions/st ide/stm32cubeide_1.12.0/stm32cubeide/plugins/com.st.stm32cube.ide.mcu.externaltools.gnu-tools-for-stm32.10.3-2021.10.win32_1.0.200.202301161003/tools/bin/../lib/gcc/arm-none-eabi/10.3.1/../../../../arm-none-eabi/lib/thumb/v6-m/nofp\libc_nano.a(lib_a-memset.o)
 .ARM.attributes
                0x00000000000002a8       0x2c c:/program files (x86)/my program installaions/st ide/stm32cubeide_1.12.0/stm32cubeide/plugins/com.st.stm32cube.ide.mcu.externaltools.gnu-tools-for-stm32.10.3-2021.10.win32_1.0.200.202301161003/tools/bin/../lib/gcc/arm-none-eabi/10.3.1/../../../../arm-none-eabi/lib/thumb/v6-m/nofp\libc_nano.a(lib_a-printf.o)
 .ARM.attributes
                0x00000000000002d4       0x2c c:/program files (x86)/my program installaions/st ide/stm32cubeide_1.12.0/stm32cubeide/plugins/com.st.stm32cube.ide.mcu.externaltools.gnu-tools-for-stm32.10.3-2021.10.win32_1.0.200.202301161003/tools/bin/../lib/gcc/arm-none-eabi/10.3.1/../../../../arm-none-eabi/lib/thumb/v6-m/nofp\libc_nano.a(lib_a-findfp.o)
 .ARM.attributes
                0x0000000000000300       0x2c c:/program files (x86)/my program installaions/st ide/stm32cubeide_1.12.0/stm32cubeide/plugins/com.st.stm32cube.ide.mcu.externaltools.gnu-tools-for-stm32.10.3-2021.10.win32_1.0.200.202301161003/tools/bin/../lib/gcc/arm-none-eabi/10.3.1/../../../../arm-none-eabi/lib/thumb/v6-m/nofp\libc_nano.a(lib_a-fwalk.o)
 .ARM.attributes
                0x000000000000032c       0x2c c:/program files (x86)/my program installaions/st ide/stm32cubeide_1.12.0/stm32cubeide/plugins/com.st.stm32cube.ide.mcu.externaltools.gnu-tools-for-stm32.10.3-2021.10.win32_1.0.200.202301161003/tools/bin/../lib/gcc/arm-none-eabi/10.3.1/../../../../arm-none-eabi/lib/thumb/v6-m/nofp\libc_nano.a(lib_a-lock.o)
 .ARM.attributes
                0x0000000000000358       0x2c c:/program files (x86)/my program installaions/st ide/stm32cubeide_1.12.0/stm32cubeide/plugins/com.st.stm32cube.ide.mcu.externaltools.gnu-tools-for-stm32.10.3-2021.10.win32_1.0.200.202301161003/tools/bin/../lib/gcc/arm-none-eabi/10.3.1/../../../../arm-none-eabi/lib/thumb/v6-m/nofp\libc_nano.a(lib_a-nano-mallocr.o)
 .ARM.attributes
                0x0000000000000384       0x2c c:/program files (x86)/my program installaions/st ide/stm32cubeide_1.12.0/stm32cubeide/plugins/com.st.stm32cube.ide.mcu.externaltools.gnu-tools-for-stm32.10.3-2021.10.win32_1.0.200.202301161003/tools/bin/../lib/gcc/arm-none-eabi/10.3.1/../../../../arm-none-eabi/lib/thumb/v6-m/nofp\libc_nano.a(lib_a-nano-vfprintf.o)
 .ARM.attributes
                0x00000000000003b0       0x2c c:/program files (x86)/my program installaions/st ide/stm32cubeide_1.12.0/stm32cubeide/plugins/com.st.stm32cube.ide.mcu.externaltools.gnu-tools-for-stm32.10.3-2021.10.win32_1.0.200.202301161003/tools/bin/../lib/gcc/arm-none-eabi/10.3.1/../../../../arm-none-eabi/lib/thumb/v6-m/nofp\libc_nano.a(lib_a-nano-vfprintf_i.o)
 .ARM.attributes
                0x00000000000003dc       0x2c c:/program files (x86)/my program installaions/st ide/stm32cubeide_1.12.0/stm32cubeide/plugins/com.st.stm32cube.ide.mcu.externaltools.gnu-tools-for-stm32.10.3-2021.10.win32_1.0.200.202301161003/tools/bin/../lib/gcc/arm-none-eabi/10.3.1/../../../../arm-none-eabi/lib/thumb/v6-m/nofp\libc_nano.a(lib_a-sbrkr.o)
 .ARM.attributes
                0x0000000000000408       0x2c c:/program files (x86)/my program installaions/st ide/stm32cubeide_1.12.0/stm32cubeide/plugins/com.st.stm32cube.ide.mcu.externaltools.gnu-tools-for-stm32.10.3-2021.10.win32_1.0.200.202301161003/tools/bin/../lib/gcc/arm-none-eabi/10.3.1/../../../../arm-none-eabi/lib/thumb/v6-m/nofp\libc_nano.a(lib_a-stdio.o)
 .ARM.attributes
                0x0000000000000434       0x2c c:/program files (x86)/my program installaions/st ide/stm32cubeide_1.12.0/stm32cubeide/plugins/com.st.stm32cube.ide.mcu.externaltools.gnu-tools-for-stm32.10.3-2021.10.win32_1.0.200.202301161003/tools/bin/../lib/gcc/arm-none-eabi/10.3.1/../../../../arm-none-eabi/lib/thumb/v6-m/nofp\libc_nano.a(lib_a-wbuf.o)
 .ARM.attributes
                0x0000000000000460       0x2c c:/program files (x86)/my program installaions/st ide/stm32cubeide_1.12.0/stm32cubeide/plugins/com.st.stm32cube.ide.mcu.externaltools.gnu-tools-for-stm32.10.3-2021.10.win32_1.0.200.202301161003/tools/bin/../lib/gcc/arm-none-eabi/10.3.1/../../../../arm-none-eabi/lib/thumb/v6-m/nofp\libc_nano.a(lib_a-writer.o)
 .ARM.attributes
                0x000000000000048c       0x2c c:/program files (x86)/my program installaions/st ide/stm32cubeide_1.12.0/stm32cubeide/plugins/com.st.stm32cube.ide.mcu.externaltools.gnu-tools-for-stm32.10.3-2021.10.win32_1.0.200.202301161003/tools/bin/../lib/gcc/arm-none-eabi/10.3.1/../../../../arm-none-eabi/lib/thumb/v6-m/nofp\libc_nano.a(lib_a-wsetup.o)
 .ARM.attributes
                0x00000000000004b8       0x2c c:/program files (x86)/my program installaions/st ide/stm32cubeide_1.12.0/stm32cubeide/plugins/com.st.stm32cube.ide.mcu.externaltools.gnu-tools-for-stm32.10.3-2021.10.win32_1.0.200.202301161003/tools/bin/../lib/gcc/arm-none-eabi/10.3.1/../../../../arm-none-eabi/lib/thumb/v6-m/nofp\libc_nano.a(lib_a-closer.o)
 .ARM.attributes
                0x00000000000004e4       0x2c c:/program files (x86)/my program installaions/st ide/stm32cubeide_1.12.0/stm32cubeide/plugins/com.st.stm32cube.ide.mcu.externaltools.gnu-tools-for-stm32.10.3-2021.10.win32_1.0.200.202301161003/tools/bin/../lib/gcc/arm-none-eabi/10.3.1/../../../../arm-none-eabi/lib/thumb/v6-m/nofp\libc_nano.a(lib_a-fflush.o)
 .ARM.attributes
                0x0000000000000510       0x2c c:/program files (x86)/my program installaions/st ide/stm32cubeide_1.12.0/stm32cubeide/plugins/com.st.stm32cube.ide.mcu.externaltools.gnu-tools-for-stm32.10.3-2021.10.win32_1.0.200.202301161003/tools/bin/../lib/gcc/arm-none-eabi/10.3.1/../../../../arm-none-eabi/lib/thumb/v6-m/nofp\libc_nano.a(lib_a-lseekr.o)
 .ARM.attributes
                0x000000000000053c       0x2c c:/program files (x86)/my program installaions/st ide/stm32cubeide_1.12.0/stm32cubeide/plugins/com.st.stm32cube.ide.mcu.externaltools.gnu-tools-for-stm32.10.3-2021.10.win32_1.0.200.202301161003/tools/bin/../lib/gcc/arm-none-eabi/10.3.1/../../../../arm-none-eabi/lib/thumb/v6-m/nofp\libc_nano.a(lib_a-makebuf.o)
 .ARM.attributes
                0x0000000000000568       0x2c c:/program files (x86)/my program installaions/st ide/stm32cubeide_1.12.0/stm32cubeide/plugins/com.st.stm32cube.ide.mcu.externaltools.gnu-tools-for-stm32.10.3-2021.10.win32_1.0.200.202301161003/tools/bin/../lib/gcc/arm-none-eabi/10.3.1/../../../../arm-none-eabi/lib/thumb/v6-m/nofp\libc_nano.a(lib_a-memchr-stub.o)
 .ARM.attributes
                0x0000000000000594       0x2c c:/program files (x86)/my program installaions/st ide/stm32cubeide_1.12.0/stm32cubeide/plugins/com.st.stm32cube.ide.mcu.externaltools.gnu-tools-for-stm32.10.3-2021.10.win32_1.0.200.202301161003/tools/bin/../lib/gcc/arm-none-eabi/10.3.1/../../../../arm-none-eabi/lib/thumb/v6-m/nofp\libc_nano.a(lib_a-mlock.o)
 .ARM.attributes
                0x00000000000005c0       0x2c c:/program files (x86)/my program installaions/st ide/stm32cubeide_1.12.0/stm32cubeide/plugins/com.st.stm32cube.ide.mcu.externaltools.gnu-tools-for-stm32.10.3-2021.10.win32_1.0.200.202301161003/tools/bin/../lib/gcc/arm-none-eabi/10.3.1/../../../../arm-none-eabi/lib/thumb/v6-m/nofp\libc_nano.a(lib_a-nano-freer.o)
 .ARM.attributes
                0x00000000000005ec       0x2c c:/program files (x86)/my program installaions/st ide/stm32cubeide_1.12.0/stm32cubeide/plugins/com.st.stm32cube.ide.mcu.externaltools.gnu-tools-for-stm32.10.3-2021.10.win32_1.0.200.202301161003/tools/bin/../lib/gcc/arm-none-eabi/10.3.1/../../../../arm-none-eabi/lib/thumb/v6-m/nofp\libc_nano.a(lib_a-readr.o)
 .ARM.attributes
                0x0000000000000618       0x2c c:/program files (x86)/my program installaions/st ide/stm32cubeide_1.12.0/stm32cubeide/plugins/com.st.stm32cube.ide.mcu.externaltools.gnu-tools-for-stm32.10.3-2021.10.win32_1.0.200.202301161003/tools/bin/../lib/gcc/arm-none-eabi/10.3.1/../../../../arm-none-eabi/lib/thumb/v6-m/nofp\libc_nano.a(lib_a-reent.o)
 .ARM.attributes
                0x0000000000000644       0x2c c:/program files (x86)/my program installaions/st ide/stm32cubeide_1.12.0/stm32cubeide/plugins/com.st.stm32cube.ide.mcu.externaltools.gnu-tools-for-stm32.10.3-2021.10.win32_1.0.200.202301161003/tools/bin/../lib/gcc/arm-none-eabi/10.3.1/../../../../arm-none-eabi/lib/thumb/v6-m/nofp\libc_nano.a(lib_a-fstatr.o)
 .ARM.attributes
                0x0000000000000670       0x2c c:/program files (x86)/my program installaions/st ide/stm32cubeide_1.12.0/stm32cubeide/plugins/com.st.stm32cube.ide.mcu.externaltools.gnu-tools-for-stm32.10.3-2021.10.win32_1.0.200.202301161003/tools/bin/../lib/gcc/arm-none-eabi/10.3.1/../../../../arm-none-eabi/lib/thumb/v6-m/nofp\libc_nano.a(lib_a-isattyr.o)
 .ARM.attributes
                0x000000000000069c       0x1e c:/program files (x86)/my program installaions/st ide/stm32cubeide_1.12.0/stm32cubeide/plugins/com.st.stm32cube.ide.mcu.externaltools.gnu-tools-for-stm32.10.3-2021.10.win32_1.0.200.202301161003/tools/bin/../lib/gcc/arm-none-eabi/10.3.1/thumb/v6-m/nofp\libgcc.a(_thumb1_case_shi.o)
 .ARM.attributes
                0x00000000000006ba       0x1e c:/program files (x86)/my program installaions/st ide/stm32cubeide_1.12.0/stm32cubeide/plugins/com.st.stm32cube.ide.mcu.externaltools.gnu-tools-for-stm32.10.3-2021.10.win32_1.0.200.202301161003/tools/bin/../lib/gcc/arm-none-eabi/10.3.1/thumb/v6-m/nofp\libgcc.a(_udivsi3.o)
 .ARM.attributes
                0x00000000000006d8       0x1e c:/program files (x86)/my program installaions/st ide/stm32cubeide_1.12.0/stm32cubeide/plugins/com.st.stm32cube.ide.mcu.externaltools.gnu-tools-for-stm32.10.3-2021.10.win32_1.0.200.202301161003/tools/bin/../lib/gcc/arm-none-eabi/10.3.1/thumb/v6-m/nofp\libgcc.a(_dvmd_tls.o)
 .ARM.attributes
                0x00000000000006f6       0x1e c:/program files (x86)/my program installaions/st ide/stm32cubeide_1.12.0/stm32cubeide/plugins/com.st.stm32cube.ide.mcu.externaltools.gnu-tools-for-stm32.10.3-2021.10.win32_1.0.200.202301161003/tools/bin/../lib/gcc/arm-none-eabi/10.3.1/thumb/v6-m/nofp/crtn.o
OUTPUT(Pot_to_ADC_to_print_CM0PLUS.elf elf32-littlearm)
LOAD linker stubs
LOAD c:/program files (x86)/my program installaions/st ide/stm32cubeide_1.12.0/stm32cubeide/plugins/com.st.stm32cube.ide.mcu.externaltools.gnu-tools-for-stm32.10.3-2021.10.win32_1.0.200.202301161003/tools/bin/../lib/gcc/arm-none-eabi/10.3.1/../../../../arm-none-eabi/lib/thumb/v6-m/nofp\libc.a
LOAD c:/program files (x86)/my program installaions/st ide/stm32cubeide_1.12.0/stm32cubeide/plugins/com.st.stm32cube.ide.mcu.externaltools.gnu-tools-for-stm32.10.3-2021.10.win32_1.0.200.202301161003/tools/bin/../lib/gcc/arm-none-eabi/10.3.1/../../../../arm-none-eabi/lib/thumb/v6-m/nofp\libm.a
LOAD c:/program files (x86)/my program installaions/st ide/stm32cubeide_1.12.0/stm32cubeide/plugins/com.st.stm32cube.ide.mcu.externaltools.gnu-tools-for-stm32.10.3-2021.10.win32_1.0.200.202301161003/tools/bin/../lib/gcc/arm-none-eabi/10.3.1/thumb/v6-m/nofp\libgcc.a

.debug_info     0x0000000000000000     0x3e7b
 .debug_info    0x0000000000000000      0x566 ./Common/System/system_stm32wlxx.o
 .debug_info    0x0000000000000566      0x1ac ./Core/Src/main.o
 .debug_info    0x0000000000000712       0xcd ./Core/Src/stm32wlxx_hal_msp.o
 .debug_info    0x00000000000007df      0x11e ./Core/Src/stm32wlxx_it.o
 .debug_info    0x00000000000008fd      0x6e0 ./Core/Src/syscalls.o
 .debug_info    0x0000000000000fdd      0x171 ./Core/Src/sysmem.o
 .debug_info    0x000000000000114e       0x22 ./Core/Startup/startup_stm32wl55jcix.o
 .debug_info    0x0000000000001170      0xf45 ./Drivers/STM32WLxx_HAL_Driver/stm32wlxx_hal.o
 .debug_info    0x00000000000020b5      0x91c ./Drivers/STM32WLxx_HAL_Driver/stm32wlxx_hal_cortex.o
 .debug_info    0x00000000000029d1     0x14aa ./Drivers/STM32WLxx_HAL_Driver/stm32wlxx_hal_rcc.o

.debug_abbrev   0x0000000000000000      0xed3
 .debug_abbrev  0x0000000000000000      0x138 ./Common/System/system_stm32wlxx.o
 .debug_abbrev  0x0000000000000138      0x147 ./Core/Src/main.o
 .debug_abbrev  0x000000000000027f       0x80 ./Core/Src/stm32wlxx_hal_msp.o
 .debug_abbrev  0x00000000000002ff       0xad ./Core/Src/stm32wlxx_it.o
 .debug_abbrev  0x00000000000003ac      0x1b3 ./Core/Src/syscalls.o
 .debug_abbrev  0x000000000000055f       0xbb ./Core/Src/sysmem.o
 .debug_abbrev  0x000000000000061a       0x12 ./Core/Startup/startup_stm32wl55jcix.o
 .debug_abbrev  0x000000000000062c      0x2fe ./Drivers/STM32WLxx_HAL_Driver/stm32wlxx_hal.o
 .debug_abbrev  0x000000000000092a      0x285 ./Drivers/STM32WLxx_HAL_Driver/stm32wlxx_hal_cortex.o
 .debug_abbrev  0x0000000000000baf      0x324 ./Drivers/STM32WLxx_HAL_Driver/stm32wlxx_hal_rcc.o

.debug_aranges  0x0000000000000000      0x668
 .debug_aranges
                0x0000000000000000       0x28 ./Common/System/system_stm32wlxx.o
 .debug_aranges
                0x0000000000000028       0x28 ./Core/Src/main.o
 .debug_aranges
                0x0000000000000050       0x20 ./Core/Src/stm32wlxx_hal_msp.o
 .debug_aranges
                0x0000000000000070       0x40 ./Core/Src/stm32wlxx_it.o
 .debug_aranges
                0x00000000000000b0       0xa8 ./Core/Src/syscalls.o
 .debug_aranges
                0x0000000000000158       0x20 ./Core/Src/sysmem.o
 .debug_aranges
                0x0000000000000178       0x28 ./Core/Startup/startup_stm32wl55jcix.o
 .debug_aranges
                0x00000000000001a0      0x1c0 ./Drivers/STM32WLxx_HAL_Driver/stm32wlxx_hal.o
 .debug_aranges
                0x0000000000000360       0xd8 ./Drivers/STM32WLxx_HAL_Driver/stm32wlxx_hal_cortex.o
 .debug_aranges
                0x0000000000000438      0x230 ./Drivers/STM32WLxx_HAL_Driver/stm32wlxx_hal_rcc.o

.debug_ranges   0x0000000000000000      0x5d0
 .debug_ranges  0x0000000000000000       0x18 ./Common/System/system_stm32wlxx.o
 .debug_ranges  0x0000000000000018       0x18 ./Core/Src/main.o
 .debug_ranges  0x0000000000000030       0x10 ./Core/Src/stm32wlxx_hal_msp.o
 .debug_ranges  0x0000000000000040       0x30 ./Core/Src/stm32wlxx_it.o
 .debug_ranges  0x0000000000000070       0x98 ./Core/Src/syscalls.o
 .debug_ranges  0x0000000000000108       0x10 ./Core/Src/sysmem.o
 .debug_ranges  0x0000000000000118       0x20 ./Core/Startup/startup_stm32wl55jcix.o
 .debug_ranges  0x0000000000000138      0x1b0 ./Drivers/STM32WLxx_HAL_Driver/stm32wlxx_hal.o
 .debug_ranges  0x00000000000002e8       0xc8 ./Drivers/STM32WLxx_HAL_Driver/stm32wlxx_hal_cortex.o
 .debug_ranges  0x00000000000003b0      0x220 ./Drivers/STM32WLxx_HAL_Driver/stm32wlxx_hal_rcc.o

.debug_macro    0x0000000000000000    0x1a819
 .debug_macro   0x0000000000000000      0x1e9 ./Common/System/system_stm32wlxx.o
 .debug_macro   0x00000000000001e9      0xa54 ./Common/System/system_stm32wlxx.o
 .debug_macro   0x0000000000000c3d       0x2e ./Common/System/system_stm32wlxx.o
 .debug_macro   0x0000000000000c6b       0x3a ./Common/System/system_stm32wlxx.o
 .debug_macro   0x0000000000000ca5       0x22 ./Common/System/system_stm32wlxx.o
 .debug_macro   0x0000000000000cc7       0x8e ./Common/System/system_stm32wlxx.o
 .debug_macro   0x0000000000000d55       0x51 ./Common/System/system_stm32wlxx.o
 .debug_macro   0x0000000000000da6      0x103 ./Common/System/system_stm32wlxx.o
 .debug_macro   0x0000000000000ea9       0x6a ./Common/System/system_stm32wlxx.o
 .debug_macro   0x0000000000000f13      0x1df ./Common/System/system_stm32wlxx.o
 .debug_macro   0x00000000000010f2       0x1c ./Common/System/system_stm32wlxx.o
 .debug_macro   0x000000000000110e       0x22 ./Common/System/system_stm32wlxx.o
 .debug_macro   0x0000000000001130       0xd1 ./Common/System/system_stm32wlxx.o
 .debug_macro   0x0000000000001201      0x4da ./Common/System/system_stm32wlxx.o
 .debug_macro   0x00000000000016db      0x11f ./Common/System/system_stm32wlxx.o
 .debug_macro   0x00000000000017fa     0xf09d ./Common/System/system_stm32wlxx.o
 .debug_macro   0x0000000000010897       0x66 ./Common/System/system_stm32wlxx.o
 .debug_macro   0x00000000000108fd      0x118 ./Common/System/system_stm32wlxx.o
 .debug_macro   0x0000000000010a15     0x341d ./Common/System/system_stm32wlxx.o
 .debug_macro   0x0000000000013e32      0x174 ./Common/System/system_stm32wlxx.o
 .debug_macro   0x0000000000013fa6       0x5c ./Common/System/system_stm32wlxx.o
 .debug_macro   0x0000000000014002      0x416 ./Common/System/system_stm32wlxx.o
 .debug_macro   0x0000000000014418      0x2b8 ./Common/System/system_stm32wlxx.o
 .debug_macro   0x00000000000146d0      0x384 ./Common/System/system_stm32wlxx.o
 .debug_macro   0x0000000000014a54      0x196 ./Common/System/system_stm32wlxx.o
 .debug_macro   0x0000000000014bea       0x4a ./Common/System/system_stm32wlxx.o
 .debug_macro   0x0000000000014c34      0x1f5 ./Common/System/system_stm32wlxx.o
 .debug_macro   0x0000000000014e29      0x229 ./Common/System/system_stm32wlxx.o
 .debug_macro   0x0000000000015052      0x3e5 ./Common/System/system_stm32wlxx.o
 .debug_macro   0x0000000000015437       0x2e ./Common/System/system_stm32wlxx.o
 .debug_macro   0x0000000000015465      0x107 ./Common/System/system_stm32wlxx.o
 .debug_macro   0x000000000001556c      0x1ba ./Common/System/system_stm32wlxx.o
 .debug_macro   0x0000000000015726       0xe6 ./Common/System/system_stm32wlxx.o
 .debug_macro   0x000000000001580c      0x283 ./Common/System/system_stm32wlxx.o
 .debug_macro   0x0000000000015a8f      0x133 ./Common/System/system_stm32wlxx.o
 .debug_macro   0x0000000000015bc2      0x36f ./Common/System/system_stm32wlxx.o
 .debug_macro   0x0000000000015f31      0x683 ./Common/System/system_stm32wlxx.o
 .debug_macro   0x00000000000165b4      0x20e ./Common/System/system_stm32wlxx.o
 .debug_macro   0x00000000000167c2      0xfb4 ./Common/System/system_stm32wlxx.o
 .debug_macro   0x0000000000017776      0x136 ./Common/System/system_stm32wlxx.o
 .debug_macro   0x00000000000178ac      0x2db ./Common/System/system_stm32wlxx.o
 .debug_macro   0x0000000000017b87      0x3a4 ./Common/System/system_stm32wlxx.o
 .debug_macro   0x0000000000017f2b      0x32d ./Common/System/system_stm32wlxx.o
 .debug_macro   0x0000000000018258      0x358 ./Core/Src/main.o
 .debug_macro   0x00000000000185b0       0x52 ./Core/Src/main.o
 .debug_macro   0x0000000000018602       0x18 ./Core/Src/main.o
 .debug_macro   0x000000000001861a       0x3c ./Core/Src/main.o
 .debug_macro   0x0000000000018656       0x34 ./Core/Src/main.o
 .debug_macro   0x000000000001868a       0x16 ./Core/Src/main.o
 .debug_macro   0x00000000000186a0       0x35 ./Core/Src/main.o
 .debug_macro   0x00000000000186d5      0x341 ./Core/Src/main.o
 .debug_macro   0x0000000000018a16       0x10 ./Core/Src/main.o
 .debug_macro   0x0000000000018a26       0x16 ./Core/Src/main.o
 .debug_macro   0x0000000000018a3c       0x43 ./Core/Src/main.o
 .debug_macro   0x0000000000018a7f       0x34 ./Core/Src/main.o
 .debug_macro   0x0000000000018ab3       0x10 ./Core/Src/main.o
 .debug_macro   0x0000000000018ac3       0x58 ./Core/Src/main.o
 .debug_macro   0x0000000000018b1b       0x71 ./Core/Src/main.o
 .debug_macro   0x0000000000018b8c       0x1c ./Core/Src/main.o
 .debug_macro   0x0000000000018ba8      0x12a ./Core/Src/main.o
 .debug_macro   0x0000000000018cd2       0x10 ./Core/Src/main.o
 .debug_macro   0x0000000000018ce2       0x1c ./Core/Src/main.o
 .debug_macro   0x0000000000018cfe       0x52 ./Core/Src/main.o
 .debug_macro   0x0000000000018d50       0x22 ./Core/Src/main.o
 .debug_macro   0x0000000000018d72       0x10 ./Core/Src/main.o
 .debug_macro   0x0000000000018d82       0x52 ./Core/Src/main.o
 .debug_macro   0x0000000000018dd4       0xd5 ./Core/Src/main.o
 .debug_macro   0x0000000000018ea9       0x1c ./Core/Src/main.o
 .debug_macro   0x0000000000018ec5       0x3d ./Core/Src/main.o
 .debug_macro   0x0000000000018f02       0x16 ./Core/Src/main.o
 .debug_macro   0x0000000000018f18      0x145 ./Core/Src/main.o
 .debug_macro   0x000000000001905d      0x1f3 ./Core/Src/stm32wlxx_hal_msp.o
 .debug_macro   0x0000000000019250      0x1fd ./Core/Src/stm32wlxx_it.o
 .debug_macro   0x000000000001944d      0x24c ./Core/Src/syscalls.o
 .debug_macro   0x0000000000019699       0x4c ./Core/Src/syscalls.o
 .debug_macro   0x00000000000196e5       0x94 ./Core/Src/syscalls.o
 .debug_macro   0x0000000000019779       0x57 ./Core/Src/syscalls.o
 .debug_macro   0x00000000000197d0       0x10 ./Core/Src/syscalls.o
 .debug_macro   0x00000000000197e0       0x10 ./Core/Src/syscalls.o
 .debug_macro   0x00000000000197f0       0x10 ./Core/Src/syscalls.o
 .debug_macro   0x0000000000019800       0x35 ./Core/Src/syscalls.o
 .debug_macro   0x0000000000019835      0x12c ./Core/Src/syscalls.o
 .debug_macro   0x0000000000019961       0x16 ./Core/Src/syscalls.o
 .debug_macro   0x0000000000019977       0x16 ./Core/Src/syscalls.o
 .debug_macro   0x000000000001998d       0x29 ./Core/Src/syscalls.o
 .debug_macro   0x00000000000199b6       0x10 ./Core/Src/syscalls.o
 .debug_macro   0x00000000000199c6      0x241 ./Core/Src/syscalls.o
 .debug_macro   0x0000000000019c07       0x1c ./Core/Src/syscalls.o
 .debug_macro   0x0000000000019c23       0x10 ./Core/Src/syscalls.o
 .debug_macro   0x0000000000019c33      0x189 ./Core/Src/syscalls.o
 .debug_macro   0x0000000000019dbc       0x16 ./Core/Src/syscalls.o
 .debug_macro   0x0000000000019dd2       0xce ./Core/Src/syscalls.o
 .debug_macro   0x0000000000019ea0       0xff ./Core/Src/sysmem.o
 .debug_macro   0x0000000000019f9f      0x23b ./Core/Src/sysmem.o
 .debug_macro   0x000000000001a1da      0x20d ./Drivers/STM32WLxx_HAL_Driver/stm32wlxx_hal.o
 .debug_macro   0x000000000001a3e7      0x1e9 ./Drivers/STM32WLxx_HAL_Driver/stm32wlxx_hal_cortex.o
 .debug_macro   0x000000000001a5d0      0x249 ./Drivers/STM32WLxx_HAL_Driver/stm32wlxx_hal_rcc.o

.debug_line     0x0000000000000000     0x6923
 .debug_line    0x0000000000000000      0x931 ./Common/System/system_stm32wlxx.o
 .debug_line    0x0000000000000931      0xa9e ./Core/Src/main.o
 .debug_line    0x00000000000013cf      0x856 ./Core/Src/stm32wlxx_hal_msp.o
 .debug_line    0x0000000000001c25      0x8bf ./Core/Src/stm32wlxx_it.o
 .debug_line    0x00000000000024e4      0x97e ./Core/Src/syscalls.o
 .debug_line    0x0000000000002e62      0x674 ./Core/Src/sysmem.o
 .debug_line    0x00000000000034d6       0x89 ./Core/Startup/startup_stm32wl55jcix.o
 .debug_line    0x000000000000355f      0xea1 ./Drivers/STM32WLxx_HAL_Driver/stm32wlxx_hal.o
 .debug_line    0x0000000000004400      0xcc5 ./Drivers/STM32WLxx_HAL_Driver/stm32wlxx_hal_cortex.o
 .debug_line    0x00000000000050c5     0x185e ./Drivers/STM32WLxx_HAL_Driver/stm32wlxx_hal_rcc.o

.debug_str      0x0000000000000000    0xa3e15
 .debug_str     0x0000000000000000    0x9cd29 ./Common/System/system_stm32wlxx.o
                                      0x9d2fb (size before relaxing)
 .debug_str     0x000000000009cd29     0x3dfb ./Core/Src/main.o
                                      0xa0e13 (size before relaxing)
 .debug_str     0x00000000000a0b24       0x2c ./Core/Src/stm32wlxx_hal_msp.o
                                      0x9d028 (size before relaxing)
 .debug_str     0x00000000000a0b50       0x82 ./Core/Src/stm32wlxx_it.o
                                      0x9d07e (size before relaxing)
 .debug_str     0x00000000000a0bd2     0x175d ./Core/Src/syscalls.o
                                       0x89ad (size before relaxing)
 .debug_str     0x00000000000a232f       0x6b ./Core/Src/sysmem.o
                                       0x5ce9 (size before relaxing)
 .debug_str     0x00000000000a239a       0x36 ./Core/Startup/startup_stm32wl55jcix.o
                                         0x88 (size before relaxing)
 .debug_str     0x00000000000a23d0      0x9ea ./Drivers/STM32WLxx_HAL_Driver/stm32wlxx_hal.o
                                      0x9dcd4 (size before relaxing)
 .debug_str     0x00000000000a2dba      0x2ce ./Drivers/STM32WLxx_HAL_Driver/stm32wlxx_hal_cortex.o
                                      0x9d635 (size before relaxing)
 .debug_str     0x00000000000a3088      0xd8d ./Drivers/STM32WLxx_HAL_Driver/stm32wlxx_hal_rcc.o
                                      0x9e0c2 (size before relaxing)

.comment        0x0000000000000000       0x50
 .comment       0x0000000000000000       0x50 ./Common/System/system_stm32wlxx.o
                                         0x51 (size before relaxing)
 .comment       0x0000000000000050       0x51 ./Core/Src/main.o
 .comment       0x0000000000000050       0x51 ./Core/Src/stm32wlxx_hal_msp.o
 .comment       0x0000000000000050       0x51 ./Core/Src/stm32wlxx_it.o
 .comment       0x0000000000000050       0x51 ./Core/Src/syscalls.o
 .comment       0x0000000000000050       0x51 ./Core/Src/sysmem.o
 .comment       0x0000000000000050       0x51 ./Drivers/STM32WLxx_HAL_Driver/stm32wlxx_hal.o
 .comment       0x0000000000000050       0x51 ./Drivers/STM32WLxx_HAL_Driver/stm32wlxx_hal_cortex.o
 .comment       0x0000000000000050       0x51 ./Drivers/STM32WLxx_HAL_Driver/stm32wlxx_hal_rcc.o

.debug_frame    0x0000000000000000     0x1d50
 .debug_frame   0x0000000000000000       0x4c ./Common/System/system_stm32wlxx.o
 .debug_frame   0x000000000000004c       0x4c ./Core/Src/main.o
 .debug_frame   0x0000000000000098       0x2c ./Core/Src/stm32wlxx_hal_msp.o
 .debug_frame   0x00000000000000c4       0x9c ./Core/Src/stm32wlxx_it.o
 .debug_frame   0x0000000000000160      0x244 ./Core/Src/syscalls.o
 .debug_frame   0x00000000000003a4       0x30 ./Core/Src/sysmem.o
 .debug_frame   0x00000000000003d4      0x658 ./Drivers/STM32WLxx_HAL_Driver/stm32wlxx_hal.o
 .debug_frame   0x0000000000000a2c      0x2fc ./Drivers/STM32WLxx_HAL_Driver/stm32wlxx_hal_cortex.o
 .debug_frame   0x0000000000000d28      0x7cc ./Drivers/STM32WLxx_HAL_Driver/stm32wlxx_hal_rcc.o
 .debug_frame   0x00000000000014f4       0x20 c:/program files (x86)/my program installaions/st ide/stm32cubeide_1.12.0/stm32cubeide/plugins/com.st.stm32cube.ide.mcu.externaltools.gnu-tools-for-stm32.10.3-2021.10.win32_1.0.200.202301161003/tools/bin/../lib/gcc/arm-none-eabi/10.3.1/../../../../arm-none-eabi/lib/thumb/v6-m/nofp\libc_nano.a(lib_a-errno.o)
 .debug_frame   0x0000000000001514       0x2c c:/program files (x86)/my program installaions/st ide/stm32cubeide_1.12.0/stm32cubeide/plugins/com.st.stm32cube.ide.mcu.externaltools.gnu-tools-for-stm32.10.3-2021.10.win32_1.0.200.202301161003/tools/bin/../lib/gcc/arm-none-eabi/10.3.1/../../../../arm-none-eabi/lib/thumb/v6-m/nofp\libc_nano.a(lib_a-init.o)
 .debug_frame   0x0000000000001540       0x20 c:/program files (x86)/my program installaions/st ide/stm32cubeide_1.12.0/stm32cubeide/plugins/com.st.stm32cube.ide.mcu.externaltools.gnu-tools-for-stm32.10.3-2021.10.win32_1.0.200.202301161003/tools/bin/../lib/gcc/arm-none-eabi/10.3.1/../../../../arm-none-eabi/lib/thumb/v6-m/nofp\libc_nano.a(lib_a-memset.o)
 .debug_frame   0x0000000000001560       0x50 c:/program files (x86)/my program installaions/st ide/stm32cubeide_1.12.0/stm32cubeide/plugins/com.st.stm32cube.ide.mcu.externaltools.gnu-tools-for-stm32.10.3-2021.10.win32_1.0.200.202301161003/tools/bin/../lib/gcc/arm-none-eabi/10.3.1/../../../../arm-none-eabi/lib/thumb/v6-m/nofp\libc_nano.a(lib_a-printf.o)
 .debug_frame   0x00000000000015b0      0x170 c:/program files (x86)/my program installaions/st ide/stm32cubeide_1.12.0/stm32cubeide/plugins/com.st.stm32cube.ide.mcu.externaltools.gnu-tools-for-stm32.10.3-2021.10.win32_1.0.200.202301161003/tools/bin/../lib/gcc/arm-none-eabi/10.3.1/../../../../arm-none-eabi/lib/thumb/v6-m/nofp\libc_nano.a(lib_a-findfp.o)
 .debug_frame   0x0000000000001720       0x58 c:/program files (x86)/my program installaions/st ide/stm32cubeide_1.12.0/stm32cubeide/plugins/com.st.stm32cube.ide.mcu.externaltools.gnu-tools-for-stm32.10.3-2021.10.win32_1.0.200.202301161003/tools/bin/../lib/gcc/arm-none-eabi/10.3.1/../../../../arm-none-eabi/lib/thumb/v6-m/nofp\libc_nano.a(lib_a-fwalk.o)
 .debug_frame   0x0000000000001778       0xb0 c:/program files (x86)/my program installaions/st ide/stm32cubeide_1.12.0/stm32cubeide/plugins/com.st.stm32cube.ide.mcu.externaltools.gnu-tools-for-stm32.10.3-2021.10.win32_1.0.200.202301161003/tools/bin/../lib/gcc/arm-none-eabi/10.3.1/../../../../arm-none-eabi/lib/thumb/v6-m/nofp\libc_nano.a(lib_a-lock.o)
 .debug_frame   0x0000000000001828       0x50 c:/program files (x86)/my program installaions/st ide/stm32cubeide_1.12.0/stm32cubeide/plugins/com.st.stm32cube.ide.mcu.externaltools.gnu-tools-for-stm32.10.3-2021.10.win32_1.0.200.202301161003/tools/bin/../lib/gcc/arm-none-eabi/10.3.1/../../../../arm-none-eabi/lib/thumb/v6-m/nofp\libc_nano.a(lib_a-nano-mallocr.o)
 .debug_frame   0x0000000000001878       0x9c c:/program files (x86)/my program installaions/st ide/stm32cubeide_1.12.0/stm32cubeide/plugins/com.st.stm32cube.ide.mcu.externaltools.gnu-tools-for-stm32.10.3-2021.10.win32_1.0.200.202301161003/tools/bin/../lib/gcc/arm-none-eabi/10.3.1/../../../../arm-none-eabi/lib/thumb/v6-m/nofp\libc_nano.a(lib_a-nano-vfprintf.o)
 .debug_frame   0x0000000000001914       0x54 c:/program files (x86)/my program installaions/st ide/stm32cubeide_1.12.0/stm32cubeide/plugins/com.st.stm32cube.ide.mcu.externaltools.gnu-tools-for-stm32.10.3-2021.10.win32_1.0.200.202301161003/tools/bin/../lib/gcc/arm-none-eabi/10.3.1/../../../../arm-none-eabi/lib/thumb/v6-m/nofp\libc_nano.a(lib_a-nano-vfprintf_i.o)
 .debug_frame   0x0000000000001968       0x2c c:/program files (x86)/my program installaions/st ide/stm32cubeide_1.12.0/stm32cubeide/plugins/com.st.stm32cube.ide.mcu.externaltools.gnu-tools-for-stm32.10.3-2021.10.win32_1.0.200.202301161003/tools/bin/../lib/gcc/arm-none-eabi/10.3.1/../../../../arm-none-eabi/lib/thumb/v6-m/nofp\libc_nano.a(lib_a-sbrkr.o)
 .debug_frame   0x0000000000001994       0x90 c:/program files (x86)/my program installaions/st ide/stm32cubeide_1.12.0/stm32cubeide/plugins/com.st.stm32cube.ide.mcu.externaltools.gnu-tools-for-stm32.10.3-2021.10.win32_1.0.200.202301161003/tools/bin/../lib/gcc/arm-none-eabi/10.3.1/../../../../arm-none-eabi/lib/thumb/v6-m/nofp\libc_nano.a(lib_a-stdio.o)
 .debug_frame   0x0000000000001a24       0x48 c:/program files (x86)/my program installaions/st ide/stm32cubeide_1.12.0/stm32cubeide/plugins/com.st.stm32cube.ide.mcu.externaltools.gnu-tools-for-stm32.10.3-2021.10.win32_1.0.200.202301161003/tools/bin/../lib/gcc/arm-none-eabi/10.3.1/../../../../arm-none-eabi/lib/thumb/v6-m/nofp\libc_nano.a(lib_a-wbuf.o)
 .debug_frame   0x0000000000001a6c       0x2c c:/program files (x86)/my program installaions/st ide/stm32cubeide_1.12.0/stm32cubeide/plugins/com.st.stm32cube.ide.mcu.externaltools.gnu-tools-for-stm32.10.3-2021.10.win32_1.0.200.202301161003/tools/bin/../lib/gcc/arm-none-eabi/10.3.1/../../../../arm-none-eabi/lib/thumb/v6-m/nofp\libc_nano.a(lib_a-writer.o)
 .debug_frame   0x0000000000001a98       0x2c c:/program files (x86)/my program installaions/st ide/stm32cubeide_1.12.0/stm32cubeide/plugins/com.st.stm32cube.ide.mcu.externaltools.gnu-tools-for-stm32.10.3-2021.10.win32_1.0.200.202301161003/tools/bin/../lib/gcc/arm-none-eabi/10.3.1/../../../../arm-none-eabi/lib/thumb/v6-m/nofp\libc_nano.a(lib_a-wsetup.o)
 .debug_frame   0x0000000000001ac4       0x2c c:/program files (x86)/my program installaions/st ide/stm32cubeide_1.12.0/stm32cubeide/plugins/com.st.stm32cube.ide.mcu.externaltools.gnu-tools-for-stm32.10.3-2021.10.win32_1.0.200.202301161003/tools/bin/../lib/gcc/arm-none-eabi/10.3.1/../../../../arm-none-eabi/lib/thumb/v6-m/nofp\libc_nano.a(lib_a-closer.o)
 .debug_frame   0x0000000000001af0       0x68 c:/program files (x86)/my program installaions/st ide/stm32cubeide_1.12.0/stm32cubeide/plugins/com.st.stm32cube.ide.mcu.externaltools.gnu-tools-for-stm32.10.3-2021.10.win32_1.0.200.202301161003/tools/bin/../lib/gcc/arm-none-eabi/10.3.1/../../../../arm-none-eabi/lib/thumb/v6-m/nofp\libc_nano.a(lib_a-fflush.o)
 .debug_frame   0x0000000000001b58       0x2c c:/program files (x86)/my program installaions/st ide/stm32cubeide_1.12.0/stm32cubeide/plugins/com.st.stm32cube.ide.mcu.externaltools.gnu-tools-for-stm32.10.3-2021.10.win32_1.0.200.202301161003/tools/bin/../lib/gcc/arm-none-eabi/10.3.1/../../../../arm-none-eabi/lib/thumb/v6-m/nofp\libc_nano.a(lib_a-lseekr.o)
 .debug_frame   0x0000000000001b84       0x54 c:/program files (x86)/my program installaions/st ide/stm32cubeide_1.12.0/stm32cubeide/plugins/com.st.stm32cube.ide.mcu.externaltools.gnu-tools-for-stm32.10.3-2021.10.win32_1.0.200.202301161003/tools/bin/../lib/gcc/arm-none-eabi/10.3.1/../../../../arm-none-eabi/lib/thumb/v6-m/nofp\libc_nano.a(lib_a-makebuf.o)
 .debug_frame   0x0000000000001bd8       0x20 c:/program files (x86)/my program installaions/st ide/stm32cubeide_1.12.0/stm32cubeide/plugins/com.st.stm32cube.ide.mcu.externaltools.gnu-tools-for-stm32.10.3-2021.10.win32_1.0.200.202301161003/tools/bin/../lib/gcc/arm-none-eabi/10.3.1/../../../../arm-none-eabi/lib/thumb/v6-m/nofp\libc_nano.a(lib_a-memchr-stub.o)
 .debug_frame   0x0000000000001bf8       0x40 c:/program files (x86)/my program installaions/st ide/stm32cubeide_1.12.0/stm32cubeide/plugins/com.st.stm32cube.ide.mcu.externaltools.gnu-tools-for-stm32.10.3-2021.10.win32_1.0.200.202301161003/tools/bin/../lib/gcc/arm-none-eabi/10.3.1/../../../../arm-none-eabi/lib/thumb/v6-m/nofp\libc_nano.a(lib_a-mlock.o)
 .debug_frame   0x0000000000001c38       0x2c c:/program files (x86)/my program installaions/st ide/stm32cubeide_1.12.0/stm32cubeide/plugins/com.st.stm32cube.ide.mcu.externaltools.gnu-tools-for-stm32.10.3-2021.10.win32_1.0.200.202301161003/tools/bin/../lib/gcc/arm-none-eabi/10.3.1/../../../../arm-none-eabi/lib/thumb/v6-m/nofp\libc_nano.a(lib_a-nano-freer.o)
 .debug_frame   0x0000000000001c64       0x2c c:/program files (x86)/my program installaions/st ide/stm32cubeide_1.12.0/stm32cubeide/plugins/com.st.stm32cube.ide.mcu.externaltools.gnu-tools-for-stm32.10.3-2021.10.win32_1.0.200.202301161003/tools/bin/../lib/gcc/arm-none-eabi/10.3.1/../../../../arm-none-eabi/lib/thumb/v6-m/nofp\libc_nano.a(lib_a-readr.o)
 .debug_frame   0x0000000000001c90       0x48 c:/program files (x86)/my program installaions/st ide/stm32cubeide_1.12.0/stm32cubeide/plugins/com.st.stm32cube.ide.mcu.externaltools.gnu-tools-for-stm32.10.3-2021.10.win32_1.0.200.202301161003/tools/bin/../lib/gcc/arm-none-eabi/10.3.1/../../../../arm-none-eabi/lib/thumb/v6-m/nofp\libc_nano.a(lib_a-reent.o)
 .debug_frame   0x0000000000001cd8       0x2c c:/program files (x86)/my program installaions/st ide/stm32cubeide_1.12.0/stm32cubeide/plugins/com.st.stm32cube.ide.mcu.externaltools.gnu-tools-for-stm32.10.3-2021.10.win32_1.0.200.202301161003/tools/bin/../lib/gcc/arm-none-eabi/10.3.1/../../../../arm-none-eabi/lib/thumb/v6-m/nofp\libc_nano.a(lib_a-fstatr.o)
 .debug_frame   0x0000000000001d04       0x2c c:/program files (x86)/my program installaions/st ide/stm32cubeide_1.12.0/stm32cubeide/plugins/com.st.stm32cube.ide.mcu.externaltools.gnu-tools-for-stm32.10.3-2021.10.win32_1.0.200.202301161003/tools/bin/../lib/gcc/arm-none-eabi/10.3.1/../../../../arm-none-eabi/lib/thumb/v6-m/nofp\libc_nano.a(lib_a-isattyr.o)
 .debug_frame   0x0000000000001d30       0x20 c:/program files (x86)/my program installaions/st ide/stm32cubeide_1.12.0/stm32cubeide/plugins/com.st.stm32cube.ide.mcu.externaltools.gnu-tools-for-stm32.10.3-2021.10.win32_1.0.200.202301161003/tools/bin/../lib/gcc/arm-none-eabi/10.3.1/thumb/v6-m/nofp\libgcc.a(_udivsi3.o)
