../../Drivers/STM32WLxx_HAL_Driver/Inc/stm32wlxx_ll_rcc.h:1257:22:LL_RCC_LSE_SetDriveCapability	16	static
../../Drivers/STM32WLxx_HAL_Driver/Inc/stm32wlxx_ll_bus.h:449:22:LL_AHB2_GRP1_EnableClock	24	static
../Core/Src/main.c:108:5:main	8	static
../Core/Src/main.c:169:6:SystemClock_Config	112	static
../Core/Src/main.c:219:13:MX_ADC_Init	8	static
../Core/Src/main.c:266:13:MX_USART2_UART_Init	8	static
../Core/Src/main.c:314:13:MX_GPIO_Init	8	static
../Core/Src/main.c:356:1:__io_putchar	16	static
../Core/Src/main.c:370:6:Error_Handler	4	static,ignoring_inline_asm
