../../Drivers/STM32WLxx_HAL_Driver/Inc/stm32wlxx_ll_bus.h:449:22:LL_AHB2_GRP1_EnableClock	24	static
C:/Users/j2lab/STM32CubeIDE/workspace_BlinkLED1/UART_Printf/Src/main.c:79:5:main	8	static
C:/Users/j2lab/STM32CubeIDE/workspace_BlinkLED1/UART_Printf/Src/main.c:146:6:SystemClock_Config	112	static
C:/Users/j2lab/STM32CubeIDE/workspace_BlinkLED1/UART_Printf/Src/main.c:194:13:MX_USART2_UART_Init	8	static
C:/Users/j2lab/STM32CubeIDE/workspace_BlinkLED1/UART_Printf/Src/main.c:242:13:MX_GPIO_Init	8	static
C:/Users/j2lab/STM32CubeIDE/workspace_BlinkLED1/UART_Printf/Src/main.c:278:1:__io_putchar	16	static
C:/Users/j2lab/STM32CubeIDE/workspace_BlinkLED1/UART_Printf/Src/main.c:293:6:Error_Handler	8	static
